This is XeTeX, Version 3.141592653-2.6-0.999997 (TeX Live 2025) (preloaded format=xelatex 2025.3.8)  10 SEP 2026 23:19
entering extended mode
 restricted \write18 enabled.
 %&-line parsing enabled.
**/Volumes/ExternalSSD/geoagent/microduck-lab/docs/basketball-bridge-book/build
/zh/book.tex

(/Volumes/ExternalSSD/geoagent/microduck-lab/docs/basketball-bridge-book/build/
zh/book.tex
LaTeX2e <2024-11-01> patch level 2
L3 programming layer <2025-01-18>
(/usr/local/texlive/2025basic/texmf-dist/tex/latex/base/article.cls
Document Class: article 2024/06/29 v1.4n Standard LaTeX document class
(/usr/local/texlive/2025basic/texmf-dist/tex/latex/base/size11.clo
File: size11.clo 2024/06/29 v1.4n Standard LaTeX file (size option)
)
\c@part=\count192
\c@section=\count193
\c@subsection=\count194
\c@subsubsection=\count195
\c@paragraph=\count196
\c@subparagraph=\count197
\c@figure=\count198
\c@table=\count199
\abovecaptionskip=\skip49
\belowcaptionskip=\skip50
\bibindent=\dimen141
)
(/usr/local/texlive/2025basic/texmf-dist/tex/latex/xcolor/xcolor.sty
Package: xcolor 2024/09/29 v3.02 LaTeX color extensions (UK)

(/usr/local/texlive/2025basic/texmf-dist/tex/latex/graphics-cfg/color.cfg
File: color.cfg 2016/01/02 v1.6 sample color configuration
)
Package xcolor Info: Driver file: xetex.def on input line 274.

(/usr/local/texlive/2025basic/texmf-dist/tex/latex/graphics-def/xetex.def
File: xetex.def 2022/09/22 v5.0n Graphics/color driver for xetex
)
(/usr/local/texlive/2025basic/texmf-dist/tex/latex/graphics/mathcolor.ltx)
Package xcolor Info: Model `cmy' substituted by `cmy0' on input line 1349.
Package xcolor Info: Model `RGB' extended on input line 1365.
Package xcolor Info: Model `HTML' substituted by `rgb' on input line 1367.
Package xcolor Info: Model `Hsb' substituted by `hsb' on input line 1368.
Package xcolor Info: Model `tHsb' substituted by `hsb' on input line 1369.
Package xcolor Info: Model `HSB' substituted by `hsb' on input line 1370.
Package xcolor Info: Model `Gray' substituted by `gray' on input line 1371.
Package xcolor Info: Model `wave' substituted by `hsb' on input line 1372.
)
(/usr/local/texlive/2025basic/texmf-dist/tex/latex/graphics/dvipsnam.def
File: dvipsnam.def 2016/06/17 v3.0m Driver-dependent file (DPC,SPQR)
)
(/usr/local/texlive/2025basic/texmf-dist/tex/latex/xcolor/svgnam.def
File: svgnam.def 2024/09/29 v3.02 Predefined colors according to SVG 1.1 (UK)
)
(/usr/local/texlive/2025basic/texmf-dist/tex/latex/xcolor/x11nam.def
File: x11nam.def 2024/09/29 v3.02 Predefined colors according to Unix/X11 (UK)
)
(/usr/local/texlive/2025basic/texmf-dist/tex/latex/geometry/geometry.sty
Package: geometry 2020/01/02 v5.9 Page Geometry

(/usr/local/texlive/2025basic/texmf-dist/tex/latex/graphics/keyval.sty
Package: keyval 2022/05/29 v1.15 key=value parser (DPC)
\KV@toks@=\toks17
)
(/usr/local/texlive/2025basic/texmf-dist/tex/generic/iftex/ifvtex.sty
Package: ifvtex 2019/10/25 v1.7 ifvtex legacy package. Use iftex instead.

(/usr/local/texlive/2025basic/texmf-dist/tex/generic/iftex/iftex.sty
Package: iftex 2024/12/12 v1.0g TeX engine tests
))
\Gm@cnth=\count266
\Gm@cntv=\count267
\c@Gm@tempcnt=\count268
\Gm@bindingoffset=\dimen142
\Gm@wd@mp=\dimen143
\Gm@odd@mp=\dimen144
\Gm@even@mp=\dimen145
\Gm@layoutwidth=\dimen146
\Gm@layoutheight=\dimen147
\Gm@layouthoffset=\dimen148
\Gm@layoutvoffset=\dimen149
\Gm@dimlist=\toks18
)
(/usr/local/texlive/2025basic/texmf-dist/tex/latex/amsmath/amsmath.sty
Package: amsmath 2024/11/05 v2.17t AMS math features
\@mathmargin=\skip51

For additional information on amsmath, use the `?' option.
(/usr/local/texlive/2025basic/texmf-dist/tex/latex/amsmath/amstext.sty
Package: amstext 2021/08/26 v2.01 AMS text

(/usr/local/texlive/2025basic/texmf-dist/tex/latex/amsmath/amsgen.sty
File: amsgen.sty 1999/11/30 v2.0 generic functions
\@emptytoks=\toks19
\ex@=\dimen150
))
(/usr/local/texlive/2025basic/texmf-dist/tex/latex/amsmath/amsbsy.sty
Package: amsbsy 1999/11/29 v1.2d Bold Symbols
\pmbraise@=\dimen151
)
(/usr/local/texlive/2025basic/texmf-dist/tex/latex/amsmath/amsopn.sty
Package: amsopn 2022/04/08 v2.04 operator names
)
\inf@bad=\count269
LaTeX Info: Redefining \frac on input line 233.
\uproot@=\count270
\leftroot@=\count271
LaTeX Info: Redefining \overline on input line 398.
LaTeX Info: Redefining \colon on input line 409.
\classnum@=\count272
\DOTSCASE@=\count273
LaTeX Info: Redefining \ldots on input line 495.
LaTeX Info: Redefining \dots on input line 498.
LaTeX Info: Redefining \cdots on input line 619.
\Mathstrutbox@=\box52
\strutbox@=\box53
LaTeX Info: Redefining \big on input line 721.
LaTeX Info: Redefining \Big on input line 722.
LaTeX Info: Redefining \bigg on input line 723.
LaTeX Info: Redefining \Bigg on input line 724.
\big@size=\dimen152
LaTeX Font Info:    Redeclaring font encoding OML on input line 742.
LaTeX Font Info:    Redeclaring font encoding OMS on input line 743.
\macc@depth=\count274
LaTeX Info: Redefining \bmod on input line 904.
LaTeX Info: Redefining \pmod on input line 909.
LaTeX Info: Redefining \smash on input line 939.
LaTeX Info: Redefining \relbar on input line 969.
LaTeX Info: Redefining \Relbar on input line 970.
\c@MaxMatrixCols=\count275
\dotsspace@=\muskip17
\c@parentequation=\count276
\dspbrk@lvl=\count277
\tag@help=\toks20
\row@=\count278
\column@=\count279
\maxfields@=\count280
\andhelp@=\toks21
\eqnshift@=\dimen153
\alignsep@=\dimen154
\tagshift@=\dimen155
\tagwidth@=\dimen156
\totwidth@=\dimen157
\lineht@=\dimen158
\@envbody=\toks22
\multlinegap=\skip52
\multlinetaggap=\skip53
\mathdisplay@stack=\toks23
LaTeX Info: Redefining \[ on input line 2953.
LaTeX Info: Redefining \] on input line 2954.
)
(/usr/local/texlive/2025basic/texmf-dist/tex/latex/amsfonts/amssymb.sty
Package: amssymb 2013/01/14 v3.01 AMS font symbols

(/usr/local/texlive/2025basic/texmf-dist/tex/latex/amsfonts/amsfonts.sty
Package: amsfonts 2013/01/14 v3.01 Basic AMSFonts support
\symAMSa=\mathgroup4
\symAMSb=\mathgroup5
LaTeX Font Info:    Redeclaring math symbol \hbar on input line 98.
LaTeX Font Info:    Overwriting math alphabet `\mathfrak' in version `bold'
(Font)                  U/euf/m/n --> U/euf/b/n on input line 106.
))
(/usr/local/texlive/2025basic/texmf-dist/tex/latex/unicode-math/unicode-math.st
y (/usr/local/texlive/2025basic/texmf-dist/tex/latex/l3kernel/expl3.sty
Package: expl3 2025-01-18 L3 programming layer (loader) 

(/usr/local/texlive/2025basic/texmf-dist/tex/latex/l3backend/l3backend-xetex.de
f
File: l3backend-xetex.def 2024-05-08 L3 backend support: XeTeX
\g__graphics_track_int=\count281
\l__pdf_internal_box=\box54
\g__pdf_backend_annotation_int=\count282
\g__pdf_backend_link_int=\count283
))
Package: unicode-math 2023/08/13 v0.8r Unicode maths in XeLaTeX and LuaLaTeX

(/usr/local/texlive/2025basic/texmf-dist/tex/latex/unicode-math/unicode-math-xe
tex.sty
Package: unicode-math-xetex 2023/08/13 v0.8r Unicode maths in XeLaTeX and LuaLa
TeX

(/usr/local/texlive/2025basic/texmf-dist/tex/latex/l3packages/xparse/xparse.sty
Package: xparse 2024-08-16 L3 Experimental document command parser
)
(/usr/local/texlive/2025basic/texmf-dist/tex/latex/l3packages/l3keys2e/l3keys2e
.sty
Package: l3keys2e 2024-08-16 LaTeX2e option processing using LaTeX3 keys
) (/usr/local/texlive/2025basic/texmf-dist/tex/latex/fontspec/fontspec.sty
Package: fontspec 2024/05/11 v2.9e Font selection for XeLaTeX and LuaLaTeX

(/usr/local/texlive/2025basic/texmf-dist/tex/latex/fontspec/fontspec-xetex.sty
Package: fontspec-xetex 2024/05/11 v2.9e Font selection for XeLaTeX and LuaLaTe
X
\l__fontspec_script_int=\count284
\l__fontspec_language_int=\count285
\l__fontspec_strnum_int=\count286
\l__fontspec_tmp_int=\count287
\l__fontspec_tmpa_int=\count288
\l__fontspec_tmpb_int=\count289
\l__fontspec_tmpc_int=\count290
\l__fontspec_em_int=\count291
\l__fontspec_emdef_int=\count292
\l__fontspec_strong_int=\count293
\l__fontspec_strongdef_int=\count294
\l__fontspec_tmpa_dim=\dimen159
\l__fontspec_tmpb_dim=\dimen160
\l__fontspec_tmpc_dim=\dimen161

(/usr/local/texlive/2025basic/texmf-dist/tex/latex/base/fontenc.sty
Package: fontenc 2021/04/29 v2.0v Standard LaTeX package
)
(/usr/local/texlive/2025basic/texmf-dist/tex/latex/fontspec/fontspec.cfg)))
(/usr/local/texlive/2025basic/texmf-dist/tex/latex/base/fix-cm.sty
Package: fix-cm 2020/11/24 v1.1t fixes to LaTeX

(/usr/local/texlive/2025basic/texmf-dist/tex/latex/base/ts1enc.def
File: ts1enc.def 2001/06/05 v3.0e (jk/car/fm) Standard LaTeX file
LaTeX Font Info:    Redeclaring font encoding TS1 on input line 47.
))
\g__um_fam_int=\count295
\g__um_fonts_used_int=\count296
\l__um_primecount_int=\count297
\g__um_primekern_muskip=\muskip18

(/usr/local/texlive/2025basic/texmf-dist/tex/latex/unicode-math/unicode-math-ta
ble.tex))) (/usr/local/texlive/2025basic/texmf-dist/tex/latex/lm/lmodern.sty
Package: lmodern 2015/05/01 v1.6.1 Latin Modern Fonts
LaTeX Font Info:    Overwriting symbol font `operators' in version `normal'
(Font)                  OT1/cmr/m/n --> OT1/lmr/m/n on input line 22.
LaTeX Font Info:    Overwriting symbol font `letters' in version `normal'
(Font)                  OML/cmm/m/it --> OML/lmm/m/it on input line 23.
LaTeX Font Info:    Overwriting symbol font `symbols' in version `normal'
(Font)                  OMS/cmsy/m/n --> OMS/lmsy/m/n on input line 24.
LaTeX Font Info:    Overwriting symbol font `largesymbols' in version `normal'
(Font)                  OMX/cmex/m/n --> OMX/lmex/m/n on input line 25.
LaTeX Font Info:    Overwriting symbol font `operators' in version `bold'
(Font)                  OT1/cmr/bx/n --> OT1/lmr/bx/n on input line 26.
LaTeX Font Info:    Overwriting symbol font `letters' in version `bold'
(Font)                  OML/cmm/b/it --> OML/lmm/b/it on input line 27.
LaTeX Font Info:    Overwriting symbol font `symbols' in version `bold'
(Font)                  OMS/cmsy/b/n --> OMS/lmsy/b/n on input line 28.
LaTeX Font Info:    Overwriting symbol font `largesymbols' in version `bold'
(Font)                  OMX/cmex/m/n --> OMX/lmex/m/n on input line 29.
LaTeX Font Info:    Overwriting math alphabet `\mathbf' in version `normal'
(Font)                  OT1/cmr/bx/n --> OT1/lmr/bx/n on input line 31.
LaTeX Font Info:    Overwriting math alphabet `\mathsf' in version `normal'
(Font)                  OT1/cmss/m/n --> OT1/lmss/m/n on input line 32.
LaTeX Font Info:    Overwriting math alphabet `\mathit' in version `normal'
(Font)                  OT1/cmr/m/it --> OT1/lmr/m/it on input line 33.
LaTeX Font Info:    Overwriting math alphabet `\mathtt' in version `normal'
(Font)                  OT1/cmtt/m/n --> OT1/lmtt/m/n on input line 34.
LaTeX Font Info:    Overwriting math alphabet `\mathbf' in version `bold'
(Font)                  OT1/cmr/bx/n --> OT1/lmr/bx/n on input line 35.
LaTeX Font Info:    Overwriting math alphabet `\mathsf' in version `bold'
(Font)                  OT1/cmss/bx/n --> OT1/lmss/bx/n on input line 36.
LaTeX Font Info:    Overwriting math alphabet `\mathit' in version `bold'
(Font)                  OT1/cmr/bx/it --> OT1/lmr/bx/it on input line 37.
LaTeX Font Info:    Overwriting math alphabet `\mathtt' in version `bold'
(Font)                  OT1/cmtt/m/n --> OT1/lmtt/m/n on input line 38.
)

Package fontspec Info: 
(fontspec)             PingFang SC scale = 0.7183311540667901.


Package fontspec Info: 
(fontspec)             PingFang SC scale = 1.


Package fontspec Info: 
(fontspec)             Could not resolve font "PingFang SC/I" (it probably
(fontspec)             doesn't exist).


Package fontspec Info: 
(fontspec)             PingFang SC scale = 0.7183311540667901.


Package fontspec Info: 
(fontspec)             PingFang SC scale = 1.


Package fontspec Info: 
(fontspec)             PingFang SC/B scale = 0.7183311540667901.


Package fontspec Info: 
(fontspec)             PingFang SC/B scale = 1.


Package fontspec Info: 
(fontspec)             PingFang SC/BI scale = 0.7183311540667901.


Package fontspec Info: 
(fontspec)             PingFang SC/BI scale = 1.


Package fontspec Info: 
(fontspec)             Font family 'PingFangSC(0)' created for font 'PingFang
(fontspec)             SC' with options
(fontspec)             [Scale=MatchLowercase,Ligatures=TeX,Scale=1].
(fontspec)              
(fontspec)              This font family consists of the following NFSS
(fontspec)             series/shapes:
(fontspec)              
(fontspec)             - 'normal' (m/n) with NFSS spec.: <->s*[1]"PingFang
(fontspec)             SC/OT:script=latn;language=dflt;mapping=tex-text;"
(fontspec)             - 'bold' (b/n) with NFSS spec.: <->s*[1]"PingFang
(fontspec)             SC/B/OT:script=latn;language=dflt;mapping=tex-text;"
(fontspec)             - 'bold italic' (b/it) with NFSS spec.:
(fontspec)             <->s*[1]"PingFang
(fontspec)             SC/BI/OT:script=latn;language=dflt;mapping=tex-text;"

LaTeX Font Info:    Font shape `TU/PingFangSC(0)/m/n' will be
(Font)              scaled to size 10.95pt on input line 28.

Package fontspec Info: 
(fontspec)             PingFang SC scale = 0.9999953550269062.


Package fontspec Info: 
(fontspec)             Could not resolve font "PingFang SC/I" (it probably
(fontspec)             doesn't exist).


Package fontspec Info: 
(fontspec)             PingFang SC scale = 0.9999953550269062.


Package fontspec Info: 
(fontspec)             PingFang SC/B scale = 0.9999953550269062.


Package fontspec Info: 
(fontspec)             PingFang SC/BI scale = 0.9999953550269062.


Package fontspec Info: 
(fontspec)             Font family 'PingFangSC(1)' created for font 'PingFang
(fontspec)             SC' with options [Scale=MatchLowercase].
(fontspec)              
(fontspec)              This font family consists of the following NFSS
(fontspec)             series/shapes:
(fontspec)              
(fontspec)             - 'normal' (m/n) with NFSS spec.:
(fontspec)             <->s*[0.9999953550269062]"PingFang
(fontspec)             SC/OT:script=latn;language=dflt;"
(fontspec)             - 'bold' (b/n) with NFSS spec.:
(fontspec)             <->s*[0.9999953550269062]"PingFang
(fontspec)             SC/B/OT:script=latn;language=dflt;"
(fontspec)             - 'bold italic' (b/it) with NFSS spec.:
(fontspec)             <->s*[0.9999953550269062]"PingFang
(fontspec)             SC/BI/OT:script=latn;language=dflt;"

LaTeX Font Info:    Overwriting math alphabet `\mathrm' in version `normal'
(Font)                  OT1/lmr/m/n --> TU/PingFangSC(1)/m/n on input line 28.
LaTeX Font Info:    Overwriting math alphabet `\mathit' in version `normal'
(Font)                  OT1/lmr/m/it --> TU/PingFangSC(1)/m/it on input line 28
.
LaTeX Font Info:    Overwriting math alphabet `\mathbf' in version `normal'
(Font)                  OT1/lmr/bx/n --> TU/PingFangSC(1)/b/n on input line 28.


Package fontspec Info: 
(fontspec)             PingFang SC scale = 0.9999953550269062.


Package fontspec Info: 
(fontspec)             Could not resolve font "PingFang SC/I" (it probably
(fontspec)             doesn't exist).


Package fontspec Info: 
(fontspec)             PingFang SC scale = 0.9999953550269062.


Package fontspec Info: 
(fontspec)             PingFang SC/B scale = 0.9999953550269062.


Package fontspec Info: 
(fontspec)             PingFang SC/BI scale = 0.9999953550269062.


Package fontspec Info: 
(fontspec)             Font family 'PingFangSC(2)' created for font 'PingFang
(fontspec)             SC' with options [Scale=MatchLowercase,Ligatures=TeX].
(fontspec)              
(fontspec)              This font family consists of the following NFSS
(fontspec)             series/shapes:
(fontspec)              
(fontspec)             - 'normal' (m/n) with NFSS spec.:
(fontspec)             <->s*[0.9999953550269062]"PingFang
(fontspec)             SC/OT:script=latn;language=dflt;mapping=tex-text;"
(fontspec)             - 'bold' (b/n) with NFSS spec.:
(fontspec)             <->s*[0.9999953550269062]"PingFang
(fontspec)             SC/B/OT:script=latn;language=dflt;mapping=tex-text;"
(fontspec)             - 'bold italic' (b/it) with NFSS spec.:
(fontspec)             <->s*[0.9999953550269062]"PingFang
(fontspec)             SC/BI/OT:script=latn;language=dflt;mapping=tex-text;"


Package fontspec Info: 
(fontspec)             PingFang SC scale = 0.9999953550269062.

LaTeX Font Info:    Overwriting math alphabet `\mathsf' in version `normal'
(Font)                  OT1/lmss/m/n --> TU/PingFangSC(1)/m/n on input line 29.

LaTeX Font Info:    Overwriting math alphabet `\mathsf' in version `bold'
(Font)                  OT1/lmss/bx/n --> TU/PingFangSC(1)/b/n on input line 29
.

Package fontspec Info: 
(fontspec)             Menlo scale = 1.101252484123351.


Package fontspec Info: 
(fontspec)             Menlo scale = 1.101252484123351.


Package fontspec Info: 
(fontspec)             Menlo/B scale = 1.101252484123351.


Package fontspec Info: 
(fontspec)             Menlo/I scale = 1.101252484123351.


Package fontspec Info: 
(fontspec)             Menlo/BI scale = 1.101252484123351.


Package fontspec Info: 
(fontspec)             Font family 'Menlo(0)' created for font 'Menlo' with
(fontspec)             options
(fontspec)             [Scale=MatchLowercase,WordSpace={1,0,0},HyphenChar=None,
PunctuationSpace=WordSpace].
(fontspec)              
(fontspec)              This font family consists of the following NFSS
(fontspec)             series/shapes:
(fontspec)              
(fontspec)             - 'normal' (m/n) with NFSS spec.:
(fontspec)             <->s*[1.101252484123351]"Menlo/AAT"
(fontspec)             - 'bold' (b/n) with NFSS spec.:
(fontspec)             <->s*[1.101252484123351]"Menlo/B/AAT"
(fontspec)             - 'italic' (m/it) with NFSS spec.:
(fontspec)             <->s*[1.101252484123351]"Menlo/I/AAT"
(fontspec)             - 'bold italic' (b/it) with NFSS spec.:
(fontspec)             <->s*[1.101252484123351]"Menlo/BI/AAT"


Package fontspec Info: 
(fontspec)             Menlo scale = 1.101252484123351.


Package fontspec Info: 
(fontspec)             Menlo scale = 1.101252484123351.


Package fontspec Info: 
(fontspec)             Menlo/B scale = 1.101252484123351.


Package fontspec Info: 
(fontspec)             Menlo/I scale = 1.101252484123351.


Package fontspec Info: 
(fontspec)             Menlo/BI scale = 1.101252484123351.


Package fontspec Info: 
(fontspec)             Font family 'Menlo(1)' created for font 'Menlo' with
(fontspec)             options [Scale=MatchLowercase].
(fontspec)              
(fontspec)              This font family consists of the following NFSS
(fontspec)             series/shapes:
(fontspec)              
(fontspec)             - 'normal' (m/n) with NFSS spec.:
(fontspec)             <->s*[1.101252484123351]"Menlo/AAT"
(fontspec)             - 'bold' (b/n) with NFSS spec.:
(fontspec)             <->s*[1.101252484123351]"Menlo/B/AAT"
(fontspec)             - 'italic' (m/it) with NFSS spec.:
(fontspec)             <->s*[1.101252484123351]"Menlo/I/AAT"
(fontspec)             - 'bold italic' (b/it) with NFSS spec.:
(fontspec)             <->s*[1.101252484123351]"Menlo/BI/AAT"

LaTeX Font Info:    Overwriting math alphabet `\mathtt' in version `normal'
(Font)                  OT1/lmtt/m/n --> TU/Menlo(1)/m/n on input line 30.
LaTeX Font Info:    Overwriting math alphabet `\mathtt' in version `bold'
(Font)                  OT1/lmtt/m/n --> TU/Menlo(1)/b/n on input line 30.

(/usr/local/texlive/2025basic/texmf-dist/tex/latex/upquote/upquote.sty
Package: upquote 2012/04/19 v1.3 upright-quote and grave-accent glyphs in verba
tim

(/usr/local/texlive/2025basic/texmf-dist/tex/latex/base/textcomp.sty
Package: textcomp 2024/04/24 v2.1b Standard LaTeX package
))
(/usr/local/texlive/2025basic/texmf-dist/tex/latex/microtype/microtype.sty
Package: microtype 2025/02/11 v3.2a Micro-typographical refinements (RS)

(/usr/local/texlive/2025basic/texmf-dist/tex/latex/etoolbox/etoolbox.sty
Package: etoolbox 2025/02/11 v2.5l e-TeX tools for LaTeX (JAW)
\etb@tempcnta=\count298
)
\MT@toks=\toks24
\MT@tempbox=\box55
\MT@count=\count299
LaTeX Info: Redefining \noprotrusionifhmode on input line 1087.
LaTeX Info: Redefining \leftprotrusion on input line 1088.
\MT@prot@toks=\toks25
LaTeX Info: Redefining \rightprotrusion on input line 1107.
LaTeX Info: Redefining \textls on input line 1449.
\MT@outer@kern=\dimen162
LaTeX Info: Redefining \microtypecontext on input line 2053.
LaTeX Info: Redefining \textmicrotypecontext on input line 2070.
\MT@listname@count=\count300

(/usr/local/texlive/2025basic/texmf-dist/tex/latex/microtype/microtype-xetex.de
f
File: microtype-xetex.def 2025/02/11 v3.2a Definitions specific to xetex (RS)
LaTeX Info: Redefining \lsstyle on input line 443.
LaTeX Info: Redefining \lslig on input line 451.
\MT@outer@space=\skip54
)
Package microtype Info: Loading configuration file microtype.cfg.
 (/usr/local/texlive/2025basic/texmf-dist/tex/latex/microtype/microtype.cfg
File: microtype.cfg 2025/02/11 v3.2a microtype main configuration file (RS)
)
LaTeX Info: Redefining \microtypesetup on input line 3065.
) (/usr/local/texlive/2025basic/texmf-dist/tex/latex/parskip/parskip.sty
Package: parskip 2021-03-14 v2.0h non-zero parskip adjustments

(/usr/local/texlive/2025basic/texmf-dist/tex/latex/kvoptions/kvoptions.sty
Package: kvoptions 2022-06-15 v3.15 Key value format for package options (HO)

(/usr/local/texlive/2025basic/texmf-dist/tex/generic/ltxcmds/ltxcmds.sty
Package: ltxcmds 2023-12-04 v1.26 LaTeX kernel commands for general use (HO)
)
(/usr/local/texlive/2025basic/texmf-dist/tex/latex/kvsetkeys/kvsetkeys.sty
Package: kvsetkeys 2022-10-05 v1.19 Key value parser (HO)
)))
(/usr/local/texlive/2025basic/texmf-dist/tex/latex/fancyvrb/fancyvrb.sty
Package: fancyvrb 2024/01/20 4.5c verbatim text (tvz,hv)
\FV@CodeLineNo=\count301
\FV@InFile=\read2
\FV@TabBox=\box56
\c@FancyVerbLine=\count302
\FV@StepNumber=\count303
\FV@OutFile=\write3
)
(/Users/ghu/Library/texmf/tex/latex/framed/framed.sty
Package: framed 2011/10/22 v 0.96: framed or shaded text with page breaks
\OuterFrameSep=\skip55
\fb@frw=\dimen163
\fb@frh=\dimen164
\FrameRule=\dimen165
\FrameSep=\dimen166
)
(/usr/local/texlive/2025basic/texmf-dist/tex/latex/tools/longtable.sty
Package: longtable 2024-10-27 v4.22 Multi-page Table package (DPC)
\LTleft=\skip56
\LTright=\skip57
\LTpre=\skip58
\LTpost=\skip59
\LTchunksize=\count304
\LTcapwidth=\dimen167
\LT@head=\box57
\LT@firsthead=\box58
\LT@foot=\box59
\LT@lastfoot=\box60
\LT@gbox=\box61
\LT@cols=\count305
\LT@rows=\count306
\c@LT@tables=\count307
\c@LT@chunks=\count308
\LT@p@ftn=\toks26
)
(/usr/local/texlive/2025basic/texmf-dist/tex/latex/booktabs/booktabs.sty
Package: booktabs 2020/01/12 v1.61803398 Publication quality tables
\heavyrulewidth=\dimen168
\lightrulewidth=\dimen169
\cmidrulewidth=\dimen170
\belowrulesep=\dimen171
\belowbottomsep=\dimen172
\aboverulesep=\dimen173
\abovetopsep=\dimen174
\cmidrulesep=\dimen175
\cmidrulekern=\dimen176
\defaultaddspace=\dimen177
\@cmidla=\count309
\@cmidlb=\count310
\@aboverulesep=\dimen178
\@belowrulesep=\dimen179
\@thisruleclass=\count311
\@lastruleclass=\count312
\@thisrulewidth=\dimen180
)
(/usr/local/texlive/2025basic/texmf-dist/tex/latex/tools/array.sty
Package: array 2024/10/17 v2.6g Tabular extension package (FMi)
\col@sep=\dimen181
\ar@mcellbox=\box62
\extrarowheight=\dimen182
\NC@list=\toks27
\extratabsurround=\skip60
\backup@length=\skip61
\ar@cellbox=\box63
)
\c@none=\count313

(/usr/local/texlive/2025basic/texmf-dist/tex/latex/tools/calc.sty
Package: calc 2023/07/08 v4.3 Infix arithmetic (KKT,FJ)
\calc@Acount=\count314
\calc@Bcount=\count315
\calc@Adimen=\dimen183
\calc@Bdimen=\dimen184
\calc@Askip=\skip62
\calc@Bskip=\skip63
LaTeX Info: Redefining \setlength on input line 80.
LaTeX Info: Redefining \addtolength on input line 81.
\calc@Ccount=\count316
\calc@Cskip=\skip64
)
(/usr/local/texlive/2025basic/texmf-dist/tex/latex/footnotehyper/footnotehyper.
sty
Package: footnotehyper 2021/08/13 v1.1e hyperref aware footnote.sty (JFB)
\FNH@notes=\box64
\FNH@width=\dimen185
\FNH@toks=\toks28
) (/usr/local/texlive/2025basic/texmf-dist/tex/latex/graphics/graphicx.sty
Package: graphicx 2021/09/16 v1.2d Enhanced LaTeX Graphics (DPC,SPQR)

(/usr/local/texlive/2025basic/texmf-dist/tex/latex/graphics/graphics.sty
Package: graphics 2024/08/06 v1.4g Standard LaTeX Graphics (DPC,SPQR)

(/usr/local/texlive/2025basic/texmf-dist/tex/latex/graphics/trig.sty
Package: trig 2023/12/02 v1.11 sin cos tan (DPC)
)
(/usr/local/texlive/2025basic/texmf-dist/tex/latex/graphics-cfg/graphics.cfg
File: graphics.cfg 2016/06/04 v1.11 sample graphics configuration
)
Package graphics Info: Driver file: xetex.def on input line 106.
)
\Gin@req@height=\dimen186
\Gin@req@width=\dimen187
)
\pandoc@box=\box65
(/usr/local/texlive/2025basic/texmf-dist/tex/generic/babel/babel.sty
Package: babel 2025/02/14 v25.4 The multilingual framework for pdfLaTeX, LuaLaT
eX and XeLaTeX
\babel@savecnt=\count317
\U@D=\dimen188
\l@unhyphenated=\language23

(/usr/local/texlive/2025basic/texmf-dist/tex/generic/babel/xebabel.def)
\bbl@readstream=\read3
\bbl@dirlevel=\count318

(/usr/local/texlive/2025basic/texmf-dist/tex/generic/babel/locale/zh/babel-chin
ese.tex)
Package babel Info: Importing data for chinese
(babel)             from babel-zh.ini. Reported on input line 4167.
Package babel Info: Hyphen rules for 'chinese' set to \l@english
(babel)             (\language0). Reported on input line 4167.

(/usr/local/texlive/2025basic/texmf-dist/tex/generic/babel/locale/zh/babel-chin
ese.tex)
(/usr/local/texlive/2025basic/texmf-dist/tex/generic/babel/babel-ca-chinese.tex
))

Package fontspec Info: 
(fontspec)             Language 'Chinese Simplified' not explicitly supported
(fontspec)             within font 'PingFang SC' with script 'CJK'. Check the
(fontspec)             typeset output, and if it is okay then ignore this
(fontspec)             warning. Otherwise a different font should be chosen.


Package fontspec Info: 
(fontspec)             PingFang SC scale = 0.9999953550269062.


Package fontspec Info: 
(fontspec)             PingFang SC scale = 1.


Package fontspec Info: 
(fontspec)             Could not resolve font "PingFang SC/I" (it probably
(fontspec)             doesn't exist).


Package fontspec Info: 
(fontspec)             PingFang SC scale = 0.9999953550269062.


Package fontspec Info: 
(fontspec)             PingFang SC scale = 1.


Package fontspec Info: 
(fontspec)             PingFang SC/B scale = 0.9999953550269062.


Package fontspec Info: 
(fontspec)             PingFang SC/B scale = 1.


Package fontspec Info: 
(fontspec)             PingFang SC/BI scale = 0.9999953550269062.


Package fontspec Info: 
(fontspec)             PingFang SC/BI scale = 1.


Package fontspec Info: 
(fontspec)             Font family 'PingFangSC(3)' created for font 'PingFang
(fontspec)             SC' with options
(fontspec)             [Scale=MatchLowercase,Ligatures=TeX,Scale=1,Script=CJK,L
anguage=Chinese
(fontspec)             Simplified].
(fontspec)              
(fontspec)              This font family consists of the following NFSS
(fontspec)             series/shapes:
(fontspec)              
(fontspec)             - 'normal' (m/n) with NFSS spec.: <->s*[1]"PingFang
(fontspec)             SC/OT:script=hani;language=ZHS;mapping=tex-text;"
(fontspec)             - 'bold' (b/n) with NFSS spec.: <->s*[1]"PingFang
(fontspec)             SC/B/OT:script=hani;language=ZHS;mapping=tex-text;"
(fontspec)             - 'bold italic' (b/it) with NFSS spec.:
(fontspec)             <->s*[1]"PingFang
(fontspec)             SC/BI/OT:script=hani;language=ZHS;mapping=tex-text;"

LaTeX Font Info:    Font shape `TU/PingFangSC(3)/m/n' will be
(Font)              scaled to size 10.95pt on input line 120.
 (/Users/ghu/Library/texmf/tex/latex/fvextra/fvextra.sty
Package: fvextra 2026/02/25 v1.14.0 fvextra - extensions and patches for fancyv
rb

(/usr/local/texlive/2025basic/texmf-dist/tex/latex/lineno/lineno.sty
Package: lineno 2025/01/29 line numbers on paragraphs v5.4
\linenopenalty=\count319
\output=\toks29
\linenoprevgraf=\count320
\linenumbersep=\dimen189
\linenumberwidth=\dimen190
\c@linenumber=\count321
\c@pagewiselinenumber=\count322
\c@LN@truepage=\count323
\c@internallinenumber=\count324
\c@internallinenumbers=\count325
\quotelinenumbersep=\dimen191
\bframerule=\dimen192
\bframesep=\dimen193
\bframebox=\box66
\@LN@amsmath@ams@eqpen=\count326
LaTeX Info: Redefining \\ on input line 3187.
)
\c@FancyVerbWriteLine=\count327
\c@FancyVerbBufferLine=\count328
\c@FV@TrueTabGroupLevel=\count329
\c@FV@TrueTabCounter=\count330
\FV@TabBox@Group=\box67
\FV@bgcolorstructbox=\box68
\FV@TmpLength=\skip65
\c@FV@HighlightLinesStart=\count331
\c@FV@HighlightLinesStop=\count332
\FV@LoopCount=\count333
\FV@NCharsBox=\box69
\FV@BreakIndent=\dimen194
\FV@BreakIndentNChars=\count334
\FV@BreakSymbolSepLeft=\dimen195
\FV@BreakSymbolSepLeftNChars=\count335
\FV@BreakSymbolSepRight=\dimen196
\FV@BreakSymbolSepRightNChars=\count336
\FV@BreakSymbolIndentLeft=\dimen197
\FV@BreakSymbolIndentLeftNChars=\count337
\FV@BreakSymbolIndentRight=\dimen198
\FV@BreakSymbolIndentRightNChars=\count338
\c@FancyVerbLineBreakLast=\count339
\FV@LineBox=\box70
\FV@LineIndentBox=\box71
\c@FV@BreakBufferDepth=\count340
\FV@LineWidth=\dimen199
)
(/usr/local/texlive/2025basic/texmf-dist/tex/latex/fancyhdr/fancyhdr.sty
Package: fancyhdr 2025/02/07 v5.2 Extensive control of page headers and footers

\f@nch@headwidth=\skip66
\f@nch@offset@elh=\skip67
\f@nch@offset@erh=\skip68
\f@nch@offset@olh=\skip69
\f@nch@offset@orh=\skip70
\f@nch@offset@elf=\skip71
\f@nch@offset@erf=\skip72
\f@nch@offset@olf=\skip73
\f@nch@offset@orf=\skip74
\f@nch@height=\skip75
\f@nch@footalignment=\skip76
\f@nch@widthL=\skip77
\f@nch@widthC=\skip78
\f@nch@widthR=\skip79
\@temptokenb=\toks30
)
(/usr/local/texlive/2025basic/texmf-dist/tex/latex/bookmark/bookmark.sty
Package: bookmark 2023-12-10 v1.31 PDF bookmarks (HO)

(/usr/local/texlive/2025basic/texmf-dist/tex/latex/hyperref/hyperref.sty
Package: hyperref 2024-11-05 v7.01l Hypertext links for LaTeX

(/usr/local/texlive/2025basic/texmf-dist/tex/generic/kvdefinekeys/kvdefinekeys.
sty
Package: kvdefinekeys 2019-12-19 v1.6 Define keys (HO)
)
(/usr/local/texlive/2025basic/texmf-dist/tex/generic/pdfescape/pdfescape.sty
Package: pdfescape 2019/12/09 v1.15 Implements pdfTeX's escape features (HO)

(/usr/local/texlive/2025basic/texmf-dist/tex/generic/pdftexcmds/pdftexcmds.sty
Package: pdftexcmds 2020-06-27 v0.33 Utility functions of pdfTeX for LuaTeX (HO
)

(/usr/local/texlive/2025basic/texmf-dist/tex/generic/infwarerr/infwarerr.sty
Package: infwarerr 2019/12/03 v1.5 Providing info/warning/error messages (HO)
)
Package pdftexcmds Info: \pdf@primitive is available.
Package pdftexcmds Info: \pdf@ifprimitive is available.
Package pdftexcmds Info: \pdfdraftmode not found.
)) (/usr/local/texlive/2025basic/texmf-dist/tex/latex/hycolor/hycolor.sty
Package: hycolor 2020-01-27 v1.10 Color options for hyperref/bookmark (HO)
)
(/usr/local/texlive/2025basic/texmf-dist/tex/latex/hyperref/nameref.sty
Package: nameref 2023-11-26 v2.56 Cross-referencing by name of section

(/usr/local/texlive/2025basic/texmf-dist/tex/latex/refcount/refcount.sty
Package: refcount 2019/12/15 v3.6 Data extraction from label references (HO)
)
(/usr/local/texlive/2025basic/texmf-dist/tex/generic/gettitlestring/gettitlestr
ing.sty
Package: gettitlestring 2019/12/15 v1.6 Cleanup title references (HO)
)
\c@section@level=\count341
)
(/usr/local/texlive/2025basic/texmf-dist/tex/generic/stringenc/stringenc.sty
Package: stringenc 2019/11/29 v1.12 Convert strings between diff. encodings (HO
)
)
\@linkdim=\dimen256
\Hy@linkcounter=\count342
\Hy@pagecounter=\count343

(/usr/local/texlive/2025basic/texmf-dist/tex/latex/hyperref/pd1enc.def
File: pd1enc.def 2024-11-05 v7.01l Hyperref: PDFDocEncoding definition (HO)
)
(/usr/local/texlive/2025basic/texmf-dist/tex/generic/intcalc/intcalc.sty
Package: intcalc 2019/12/15 v1.3 Expandable calculations with integers (HO)
)
\Hy@SavedSpaceFactor=\count344

(/usr/local/texlive/2025basic/texmf-dist/tex/latex/hyperref/puenc.def
File: puenc.def 2024-11-05 v7.01l Hyperref: PDF Unicode definition (HO)
)
Package hyperref Info: Option `unicode' set `true' on input line 4040.
Package hyperref Info: Hyper figures OFF on input line 4157.
Package hyperref Info: Link nesting OFF on input line 4162.
Package hyperref Info: Hyper index ON on input line 4165.
Package hyperref Info: Plain pages OFF on input line 4172.
Package hyperref Info: Backreferencing OFF on input line 4177.
Package hyperref Info: Implicit mode ON; LaTeX internals redefined.
Package hyperref Info: Bookmarks ON on input line 4424.
\c@Hy@tempcnt=\count345

(/usr/local/texlive/2025basic/texmf-dist/tex/latex/url/url.sty
\Urlmuskip=\muskip19
Package: url 2013/09/16  ver 3.4  Verb mode for urls, etc.
)
LaTeX Info: Redefining \url on input line 4763.
\XeTeXLinkMargin=\dimen257

(/usr/local/texlive/2025basic/texmf-dist/tex/generic/bitset/bitset.sty
Package: bitset 2019/12/09 v1.3 Handle bit-vector datatype (HO)

(/usr/local/texlive/2025basic/texmf-dist/tex/generic/bigintcalc/bigintcalc.sty
Package: bigintcalc 2019/12/15 v1.5 Expandable calculations on big integers (HO
)
))
\Fld@menulength=\count346
\Field@Width=\dimen258
\Fld@charsize=\dimen259
Package hyperref Info: Hyper figures OFF on input line 6042.
Package hyperref Info: Link nesting OFF on input line 6047.
Package hyperref Info: Hyper index ON on input line 6050.
Package hyperref Info: backreferencing OFF on input line 6057.
Package hyperref Info: Link coloring OFF on input line 6062.
Package hyperref Info: Link coloring with OCG OFF on input line 6067.
Package hyperref Info: PDF/A mode OFF on input line 6072.
 (/usr/local/texlive/2025basic/texmf-dist/tex/latex/base/atbegshi-ltx.sty
Package: atbegshi-ltx 2021/01/10 v1.0c Emulation of the original atbegshi
package with kernel methods
)
\Hy@abspage=\count347
\c@Item=\count348
\c@Hfootnote=\count349
)
Package hyperref Info: Driver (autodetected): hxetex.

(/usr/local/texlive/2025basic/texmf-dist/tex/latex/hyperref/hxetex.def
File: hxetex.def 2024-11-05 v7.01l Hyperref driver for XeTeX
\pdfm@box=\box72
\c@Hy@AnnotLevel=\count350
\HyField@AnnotCount=\count351
\Fld@listcount=\count352
\c@bookmark@seq@number=\count353

(/usr/local/texlive/2025basic/texmf-dist/tex/latex/rerunfilecheck/rerunfilechec
k.sty
Package: rerunfilecheck 2022-07-10 v1.10 Rerun checks for auxiliary files (HO)
 (/usr/local/texlive/2025basic/texmf-dist/tex/latex/base/atveryend-ltx.sty
Package: atveryend-ltx 2020/08/19 v1.0a Emulation of the original atveryend pac
kage
with kernel methods
)
(/usr/local/texlive/2025basic/texmf-dist/tex/generic/uniquecounter/uniquecounte
r.sty
Package: uniquecounter 2019/12/15 v1.4 Provide unlimited unique counter (HO)
)
Package uniquecounter Info: New unique counter `rerunfilecheck' on input line 2
85.
)
\Hy@SectionHShift=\skip80
)
(/usr/local/texlive/2025basic/texmf-dist/tex/latex/bookmark/bkm-dvipdfm.def
File: bkm-dvipdfm.def 2023-12-10 v1.31 bookmark driver for dvipdfm (HO)
\BKM@id=\count354
))
Package hyperref Info: Option `colorlinks' set `true' on input line 179.

(/Volumes/ExternalSSD/geoagent/microduck-lab/docs/basketball-bridge-book/build/
zh/book.aux
LaTeX Font Info:    Font shape `TU/PingFangSC(2)/m/n' will be
(Font)              scaled to size 10.95pt on input line 3.
LaTeX Font Info:    Font shape `TU/Menlo(0)/m/n' will be
(Font)              scaled to size 12.05876pt on input line 3.


Package babel Info: The following font families will use the default
(babel)             settings for all or some languages:
(babel)             * \sffamily = PingFangSC(2)
(babel)               "PingFang SC Regular/OT:script=latn;language=dflt;mapping
=tex-text;" at 10.95pt
(babel)             * \ttfamily = Menlo(0)
(babel)               "Menlo Regular/AAT" at 12.05876pt
(babel)             There is nothing intrinsically wrong with it, but
(babel)             'babel' will no set Script and Language, which could
(babel)             be relevant in some languages. If your document uses
(babel)             these families, consider redefining them with \babelfont.
(babel)             Reported on input line 3.

)
\openout1 = `book.aux'.

LaTeX Font Info:    Checking defaults for OML/cmm/m/it on input line 192.
LaTeX Font Info:    ... okay on input line 192.
LaTeX Font Info:    Checking defaults for OMS/cmsy/m/n on input line 192.
LaTeX Font Info:    ... okay on input line 192.
LaTeX Font Info:    Checking defaults for OT1/cmr/m/n on input line 192.
LaTeX Font Info:    ... okay on input line 192.
LaTeX Font Info:    Checking defaults for T1/cmr/m/n on input line 192.
LaTeX Font Info:    ... okay on input line 192.
LaTeX Font Info:    Checking defaults for TS1/cmr/m/n on input line 192.
LaTeX Font Info:    ... okay on input line 192.
LaTeX Font Info:    Checking defaults for TU/lmr/m/n on input line 192.
LaTeX Font Info:    ... okay on input line 192.
LaTeX Font Info:    Checking defaults for OMX/cmex/m/n on input line 192.
LaTeX Font Info:    ... okay on input line 192.
LaTeX Font Info:    Checking defaults for U/cmr/m/n on input line 192.
LaTeX Font Info:    ... okay on input line 192.
LaTeX Font Info:    Checking defaults for PD1/pdf/m/n on input line 192.
LaTeX Font Info:    ... okay on input line 192.
LaTeX Font Info:    Checking defaults for PU/pdf/m/n on input line 192.
LaTeX Font Info:    ... okay on input line 192.

*geometry* driver: auto-detecting
*geometry* detected driver: xetex
*geometry* verbose mode - [ preamble ] result:
* driver: xetex
* paper: letterpaper
* layout: <same size as paper>
* layoutoffset:(h,v)=(0.0pt,0.0pt)
* modes: 
* h-part:(L,W,R)=(56.3705pt, 501.554pt, 56.3705pt)
* v-part:(T,H,B)=(56.3705pt, 682.22899pt, 56.3705pt)
* \paperwidth=614.295pt
* \paperheight=794.96999pt
* \textwidth=501.554pt
* \textheight=682.22899pt
* \oddsidemargin=-15.89949pt
* \evensidemargin=-15.89949pt
* \topmargin=-52.89949pt
* \headheight=15.0pt
* \headsep=25.0pt
* \topskip=11.0pt
* \footskip=30.0pt
* \marginparwidth=59.0pt
* \marginparsep=10.0pt
* \columnsep=10.0pt
* \skip\footins=10.0pt plus 4.0pt minus 2.0pt
* \hoffset=0.0pt
* \voffset=0.0pt
* \mag=1000
* \@twocolumnfalse
* \@twosidefalse
* \@mparswitchfalse
* \@reversemarginfalse
* (1in=72.27pt=25.4mm, 1cm=28.453pt)


Package fontspec Info: 
(fontspec)             latinmodern-math scale = 1.392104625034352.


Package fontspec Info: 
(fontspec)             latinmodern-math scale = 1.392104625034352.


Package fontspec Info: 
(fontspec)             latinmodern-math scale = 1.392104625034352.


Package fontspec Info: 
(fontspec)             Font family 'latinmodern-math.otf(0)' created for font
(fontspec)             'latinmodern-math.otf' with options
(fontspec)             [Scale=MatchLowercase,BoldItalicFont={},ItalicFont={},Sm
allCapsFont={},Script=Math,BoldFont={latinmodern-math.otf}].
(fontspec)              
(fontspec)              This font family consists of the following NFSS
(fontspec)             series/shapes:
(fontspec)              
(fontspec)             - 'normal' (m/n) with NFSS spec.:
(fontspec)             <->s*[1.392104625034352]"[latinmodern-math.otf]/OT:scrip
t=math;language=dflt;"
(fontspec)             - 'bold' (b/n) with NFSS spec.:
(fontspec)             <->s*[1.392104625034352]"[latinmodern-math.otf]/OT:scrip
t=math;language=dflt;"

LaTeX Font Info:    Font shape `TU/latinmodern-math.otf(0)/m/n' will be
(Font)              scaled to size 15.24355pt on input line 192.

Package fontspec Info: 
(fontspec)             latinmodern-math scale = 1.392104625034352.


Package fontspec Info: 
(fontspec)             latinmodern-math scale = 1.392104625034352.


Package fontspec Info: 
(fontspec)             latinmodern-math scale = 1.392104625034352.


Package fontspec Info: 
(fontspec)             latinmodern-math scale = 1.392104625034352.


Package fontspec Info: 
(fontspec)             latinmodern-math scale = 1.392104625034352.


Package fontspec Info: 
(fontspec)             Font family 'latinmodern-math.otf(1)' created for font
(fontspec)             'latinmodern-math.otf' with options
(fontspec)             [Scale=MatchLowercase,BoldItalicFont={},ItalicFont={},Sm
allCapsFont={},Script=Math,SizeFeatures={{Size=9.3075-},{Size=6.57-9.3075,Font=
latinmodern-math.otf,Style=MathScript},{Size=-6.57,Font=latinmodern-math.otf,St
yle=MathScriptScript}},BoldFont={latinmodern-math.otf}].
(fontspec)              
(fontspec)              This font family consists of the following NFSS
(fontspec)             series/shapes:
(fontspec)              
(fontspec)             - 'normal' (m/n) with NFSS spec.:
(fontspec)             <9.3075->s*[1.392104625034352]"[latinmodern-math.otf]/OT
:script=math;language=dflt;"<6.57-9.3075>s*[1.392104625034352]"[latinmodern-mat
h.otf]/OT:script=math;language=dflt;+ssty=0;"<-6.57>s*[1.392104625034352]"[lati
nmodern-math.otf]/OT:script=math;language=dflt;+ssty=1;"
(fontspec)             - 'bold' (b/n) with NFSS spec.:
(fontspec)             <->s*[1.392104625034352]"[latinmodern-math.otf]/OT:scrip
t=math;language=dflt;"

LaTeX Font Info:    Font shape `TU/latinmodern-math.otf(1)/m/n' will be
(Font)              scaled to size 15.24355pt on input line 192.
LaTeX Font Info:    Encoding `OT1' has changed to `TU' for symbol font
(Font)              `operators' in the math version `normal' on input line 192.

LaTeX Font Info:    Overwriting symbol font `operators' in version `normal'
(Font)                  OT1/lmr/m/n --> TU/latinmodern-math.otf(1)/m/n on input
 line 192.
LaTeX Font Info:    Encoding `OT1' has changed to `TU' for symbol font
(Font)              `operators' in the math version `bold' on input line 192.
LaTeX Font Info:    Overwriting symbol font `operators' in version `bold'
(Font)                  OT1/lmr/bx/n --> TU/latinmodern-math.otf(1)/b/n on inpu
t line 192.

Package fontspec Info: 
(fontspec)             latinmodern-math scale = 1.392104625034352.


Package fontspec Info: 
(fontspec)             latinmodern-math scale = 1.392243835496855.


Package fontspec Info: 
(fontspec)             latinmodern-math scale = 1.392104625034352.


Package fontspec Info: 
(fontspec)             latinmodern-math scale = 1.392243835496855.


Package fontspec Info: 
(fontspec)             latinmodern-math scale = 1.392104625034352.


Package fontspec Info: 
(fontspec)             latinmodern-math scale = 1.392243835496855.


Package fontspec Info: 
(fontspec)             latinmodern-math scale = 1.392104625034352.


Package fontspec Info: 
(fontspec)             latinmodern-math scale = 1.392243835496855.


Package fontspec Info: 
(fontspec)             latinmodern-math scale = 1.392104625034352.


Package fontspec Info: 
(fontspec)             latinmodern-math scale = 1.392243835496855.


Package fontspec Info: 
(fontspec)             Font family 'latinmodern-math.otf(2)' created for font
(fontspec)             'latinmodern-math.otf' with options
(fontspec)             [Scale=MatchLowercase,BoldItalicFont={},ItalicFont={},Sm
allCapsFont={},Script=Math,SizeFeatures={{Size=9.3075-},{Size=6.57-9.3075,Font=
latinmodern-math.otf,Style=MathScript},{Size=-6.57,Font=latinmodern-math.otf,St
yle=MathScriptScript}},BoldFont={latinmodern-math.otf},ScaleAgain=1.0001,FontAd
justment={\fontdimen
(fontspec)             8\font =10.31989pt\relax \fontdimen 9\font
(fontspec)             =6.00595pt\relax \fontdimen 10\font =6.76813pt\relax
(fontspec)             \fontdimen 11\font =10.45708pt\relax \fontdimen 12\font
(fontspec)             =5.25902pt\relax \fontdimen 13\font =5.5334pt\relax
(fontspec)             \fontdimen 14\font =5.5334pt\relax \fontdimen 15\font
(fontspec)             =4.40538pt\relax \fontdimen 16\font =3.76515pt\relax
(fontspec)             \fontdimen 17\font =3.76515pt\relax \fontdimen 18\font
(fontspec)             =3.81088pt\relax \fontdimen 19\font =3.0487pt\relax
(fontspec)             \fontdimen 22\font =3.81088pt\relax \fontdimen 20\font
(fontspec)             =0pt\relax \fontdimen 21\font =0pt\relax }].
(fontspec)              
(fontspec)              This font family consists of the following NFSS
(fontspec)             series/shapes:
(fontspec)              
(fontspec)             - 'normal' (m/n) with NFSS spec.:
(fontspec)             <9.3075->s*[1.392243835496855]"[latinmodern-math.otf]/OT
:script=math;language=dflt;"<6.57-9.3075>s*[1.392243835496855]"[latinmodern-mat
h.otf]/OT:script=math;language=dflt;+ssty=0;"<-6.57>s*[1.392243835496855]"[lati
nmodern-math.otf]/OT:script=math;language=dflt;+ssty=1;"
(fontspec)             - 'bold' (b/n) with NFSS spec.:
(fontspec)             <->s*[1.392243835496855]"[latinmodern-math.otf]/OT:scrip
t=math;language=dflt;"

LaTeX Font Info:    Encoding `OMS' has changed to `TU' for symbol font
(Font)              `symbols' in the math version `normal' on input line 192.
LaTeX Font Info:    Overwriting symbol font `symbols' in version `normal'
(Font)                  OMS/lmsy/m/n --> TU/latinmodern-math.otf(2)/m/n on inpu
t line 192.
LaTeX Font Info:    Encoding `OMS' has changed to `TU' for symbol font
(Font)              `symbols' in the math version `bold' on input line 192.
LaTeX Font Info:    Overwriting symbol font `symbols' in version `bold'
(Font)                  OMS/lmsy/b/n --> TU/latinmodern-math.otf(2)/b/n on inpu
t line 192.

Package fontspec Info: 
(fontspec)             latinmodern-math scale = 1.392104625034352.


Package fontspec Info: 
(fontspec)             latinmodern-math scale = 1.391965414571849.


Package fontspec Info: 
(fontspec)             latinmodern-math scale = 1.392104625034352.


Package fontspec Info: 
(fontspec)             latinmodern-math scale = 1.391965414571849.


Package fontspec Info: 
(fontspec)             latinmodern-math scale = 1.392104625034352.


Package fontspec Info: 
(fontspec)             latinmodern-math scale = 1.391965414571849.


Package fontspec Info: 
(fontspec)             latinmodern-math scale = 1.392104625034352.


Package fontspec Info: 
(fontspec)             latinmodern-math scale = 1.391965414571849.


Package fontspec Info: 
(fontspec)             latinmodern-math scale = 1.392104625034352.


Package fontspec Info: 
(fontspec)             latinmodern-math scale = 1.391965414571849.


Package fontspec Info: 
(fontspec)             Font family 'latinmodern-math.otf(3)' created for font
(fontspec)             'latinmodern-math.otf' with options
(fontspec)             [Scale=MatchLowercase,BoldItalicFont={},ItalicFont={},Sm
allCapsFont={},Script=Math,SizeFeatures={{Size=9.3075-},{Size=6.57-9.3075,Font=
latinmodern-math.otf,Style=MathScript},{Size=-6.57,Font=latinmodern-math.otf,St
yle=MathScriptScript}},BoldFont={latinmodern-math.otf},ScaleAgain=0.9999,FontAd
justment={\fontdimen
(fontspec)             8\font =0.60974pt\relax \fontdimen 9\font
(fontspec)             =3.0487pt\relax \fontdimen 10\font =2.54567pt\relax
(fontspec)             \fontdimen 11\font =1.69203pt\relax \fontdimen 12\font
(fontspec)             =9.14613pt\relax \fontdimen 13\font =0pt\relax }].
(fontspec)              
(fontspec)              This font family consists of the following NFSS
(fontspec)             series/shapes:
(fontspec)              
(fontspec)             - 'normal' (m/n) with NFSS spec.:
(fontspec)             <9.3075->s*[1.391965414571849]"[latinmodern-math.otf]/OT
:script=math;language=dflt;"<6.57-9.3075>s*[1.391965414571849]"[latinmodern-mat
h.otf]/OT:script=math;language=dflt;+ssty=0;"<-6.57>s*[1.391965414571849]"[lati
nmodern-math.otf]/OT:script=math;language=dflt;+ssty=1;"
(fontspec)             - 'bold' (b/n) with NFSS spec.:
(fontspec)             <->s*[1.391965414571849]"[latinmodern-math.otf]/OT:scrip
t=math;language=dflt;"

LaTeX Font Info:    Encoding `OMX' has changed to `TU' for symbol font
(Font)              `largesymbols' in the math version `normal' on input line 1
92.
LaTeX Font Info:    Overwriting symbol font `largesymbols' in version `normal'
(Font)                  OMX/lmex/m/n --> TU/latinmodern-math.otf(3)/m/n on inpu
t line 192.
LaTeX Font Info:    Encoding `OMX' has changed to `TU' for symbol font
(Font)              `largesymbols' in the math version `bold' on input line 192
.
LaTeX Font Info:    Overwriting symbol font `largesymbols' in version `bold'
(Font)                  OMX/lmex/m/n --> TU/latinmodern-math.otf(3)/b/n on inpu
t line 192.
LaTeX Info: Redefining \microtypecontext on input line 192.
Package microtype Info: Applying patch `item' on input line 192.
Package microtype Info: Applying patch `toc' on input line 192.
Package microtype Info: Applying patch `eqnum' on input line 192.
Package microtype Info: Applying patch `footnote' on input line 192.
Package microtype Info: Applying patch `verbatim' on input line 192.
LaTeX Info: Redefining \microtypesetup on input line 192.
Package microtype Info: Character protrusion enabled (level 2).
Package microtype Info: Using protrusion set `basicmath'.
Package microtype Info: No adjustment of tracking.
Package microtype Info: No adjustment of spacing.
Package microtype Info: No adjustment of kerning.
Package microtype Info: Loading generic protrusion settings for font family
(microtype)             `PingFangSC' (encoding: TU).
(microtype)             For optimal results, create family-specific settings.
(microtype)             See the microtype manual for details.

Package microtype Warning: Unknown slot number of character
(microtype)                `\'C'
(microtype)                in font encoding `TU' in inheritance list
(microtype)                `microtype.cfg/411(protrusion)'.


Package microtype Warning: Unknown slot number of character
(microtype)                `\v C'
(microtype)                in font encoding `TU' in inheritance list
(microtype)                `microtype.cfg/411(protrusion)'.


Package microtype Warning: Unknown slot number of character
(microtype)                `\'c'
(microtype)                in font encoding `TU' in inheritance list
(microtype)                `microtype.cfg/411(protrusion)'.


Package microtype Warning: Unknown slot number of character
(microtype)                `\v c'
(microtype)                in font encoding `TU' in inheritance list
(microtype)                `microtype.cfg/411(protrusion)'.


Package microtype Warning: Unknown slot number of character
(microtype)                `\v D'
(microtype)                in font encoding `TU' in inheritance list
(microtype)                `microtype.cfg/411(protrusion)'.


Package microtype Warning: Unknown slot number of character
(microtype)                `\k E'
(microtype)                in font encoding `TU' in inheritance list
(microtype)                `microtype.cfg/411(protrusion)'.


Package microtype Warning: Unknown slot number of character
(microtype)                `\u G'
(microtype)                in font encoding `TU' in inheritance list
(microtype)                `microtype.cfg/411(protrusion)'.


Package microtype Warning: Unknown slot number of character
(microtype)                `\.I'
(microtype)                in font encoding `TU' in inheritance list
(microtype)                `microtype.cfg/411(protrusion)'.

Package microtype Info: Character `\L ' is missing
(microtype)             in font `\TU/PingFangSC(3)/m/n/10.95'.
(microtype)             Ignoring protrusion settings for this character.

Package microtype Warning: Unknown slot number of character
(microtype)                `\'L'
(microtype)                in font encoding `TU' in inheritance list
(microtype)                `microtype.cfg/411(protrusion)'.


Package microtype Warning: Unknown slot number of character
(microtype)                `\v L'
(microtype)                in font encoding `TU' in inheritance list
(microtype)                `microtype.cfg/411(protrusion)'.


Package microtype Warning: Unknown slot number of character
(microtype)                `\'N'
(microtype)                in font encoding `TU' in inheritance list
(microtype)                `microtype.cfg/411(protrusion)'.


Package microtype Warning: Unknown slot number of character
(microtype)                `\v N'
(microtype)                in font encoding `TU' in inheritance list
(microtype)                `microtype.cfg/411(protrusion)'.


Package microtype Warning: Unknown slot number of character
(microtype)                `\H O'
(microtype)                in font encoding `TU' in inheritance list
(microtype)                `microtype.cfg/411(protrusion)'.


Package microtype Warning: Unknown slot number of character
(microtype)                `\H o'
(microtype)                in font encoding `TU' in inheritance list
(microtype)                `microtype.cfg/411(protrusion)'.


Package microtype Warning: Unknown slot number of character
(microtype)                `\'R'
(microtype)                in font encoding `TU' in inheritance list
(microtype)                `microtype.cfg/411(protrusion)'.


Package microtype Warning: Unknown slot number of character
(microtype)                `\v R'
(microtype)                in font encoding `TU' in inheritance list
(microtype)                `microtype.cfg/411(protrusion)'.


Package microtype Warning: Unknown slot number of character
(microtype)                `\'r'
(microtype)                in font encoding `TU' in inheritance list
(microtype)                `microtype.cfg/411(protrusion)'.


Package microtype Warning: Unknown slot number of character
(microtype)                `\v r'
(microtype)                in font encoding `TU' in inheritance list
(microtype)                `microtype.cfg/411(protrusion)'.


Package microtype Warning: Unknown slot number of character
(microtype)                `\'S'
(microtype)                in font encoding `TU' in inheritance list
(microtype)                `microtype.cfg/411(protrusion)'.


Package microtype Warning: Unknown slot number of character
(microtype)                `\c S'
(microtype)                in font encoding `TU' in inheritance list
(microtype)                `microtype.cfg/411(protrusion)'.


Package microtype Warning: Unknown slot number of character
(microtype)                `\v S'
(microtype)                in font encoding `TU' in inheritance list
(microtype)                `microtype.cfg/411(protrusion)'.


Package microtype Warning: Unknown slot number of character
(microtype)                `\'s'
(microtype)                in font encoding `TU' in inheritance list
(microtype)                `microtype.cfg/411(protrusion)'.


Package microtype Warning: Unknown slot number of character
(microtype)                `\c s'
(microtype)                in font encoding `TU' in inheritance list
(microtype)                `microtype.cfg/411(protrusion)'.


Package microtype Warning: Unknown slot number of character
(microtype)                `\v s'
(microtype)                in font encoding `TU' in inheritance list
(microtype)                `microtype.cfg/411(protrusion)'.


Package microtype Warning: Unknown slot number of character
(microtype)                `\c T'
(microtype)                in font encoding `TU' in inheritance list
(microtype)                `microtype.cfg/411(protrusion)'.


Package microtype Warning: Unknown slot number of character
(microtype)                `\v T'
(microtype)                in font encoding `TU' in inheritance list
(microtype)                `microtype.cfg/411(protrusion)'.


Package microtype Warning: Unknown slot number of character
(microtype)                `\c t'
(microtype)                in font encoding `TU' in inheritance list
(microtype)                `microtype.cfg/411(protrusion)'.


Package microtype Warning: Unknown slot number of character
(microtype)                `\v t'
(microtype)                in font encoding `TU' in inheritance list
(microtype)                `microtype.cfg/411(protrusion)'.

Package hyperref Info: Link coloring ON on input line 192.
LaTeX Font Info:    Font shape `TU/PingFangSC(3)/m/n' will be
(Font)              scaled to size 20.74pt on input line 194.
LaTeX Font Info:    Font shape `TU/PingFangSC(3)/b/n' will be
(Font)              scaled to size 20.74pt on input line 194.
LaTeX Font Info:    Font shape `TU/PingFangSC(3)/b/n' will be
(Font)              scaled to size 12.0pt on input line 194.
LaTeX Font Info:    Font shape `TU/PingFangSC(3)/m/n' will be
(Font)              scaled to size 12.0pt on input line 194.
File: assets/evidence/observed-live-scenes.png Graphic file (type bmp)
<assets/evidence/observed-live-scenes.png>
LaTeX Font Info:    Font shape `TU/PingFangSC(3)/m/n' will be
(Font)              scaled to size 10.0pt on input line 194.


[1

]
LaTeX Font Info:    Font shape `TU/PingFangSC(3)/m/n' will be
(Font)              scaled to size 14.4pt on input line 198.
LaTeX Font Info:    Font shape `TU/PingFangSC(3)/b/n' will be
(Font)              scaled to size 14.4pt on input line 198.

(/Volumes/ExternalSSD/geoagent/microduck-lab/docs/basketball-bridge-book/build/
zh/book.toc
LaTeX Font Info:    Font shape `TU/PingFangSC(3)/b/n' will be
(Font)              scaled to size 10.95pt on input line 2.
LaTeX Font Info:    Font shape `TU/latinmodern-math.otf(1)/m/n' will be
(Font)              scaled to size 10.67047pt on input line 3.
LaTeX Font Info:    Font shape `TU/latinmodern-math.otf(1)/m/n' will be
(Font)              scaled to size 7.62178pt on input line 3.
LaTeX Font Info:    Trying to load font information for OML+lmm on input line 3
.
 (/usr/local/texlive/2025basic/texmf-dist/tex/latex/lm/omllmm.fd
File: omllmm.fd 2015/05/01 v1.6.1 Font defs for Latin Modern
)
LaTeX Font Info:    Font shape `TU/latinmodern-math.otf(2)/m/n' will be
(Font)              scaled to size 15.24504pt on input line 3.
LaTeX Font Info:    Font shape `TU/latinmodern-math.otf(2)/m/n' will be
(Font)              scaled to size 10.67152pt on input line 3.
LaTeX Font Info:    Font shape `TU/latinmodern-math.otf(2)/m/n' will be
(Font)              scaled to size 7.62253pt on input line 3.
LaTeX Font Info:    Font shape `TU/latinmodern-math.otf(3)/m/n' will be
(Font)              scaled to size 15.24203pt on input line 3.
LaTeX Font Info:    Font shape `TU/latinmodern-math.otf(3)/m/n' will be
(Font)              scaled to size 10.66942pt on input line 3.
LaTeX Font Info:    Font shape `TU/latinmodern-math.otf(3)/m/n' will be
(Font)              scaled to size 7.62102pt on input line 3.
LaTeX Font Info:    Trying to load font information for U+msa on input line 3.

(/usr/local/texlive/2025basic/texmf-dist/tex/latex/amsfonts/umsa.fd
File: umsa.fd 2013/01/14 v3.01 AMS symbols A
)
(/usr/local/texlive/2025basic/texmf-dist/tex/latex/microtype/mt-msa.cfg
File: mt-msa.cfg 2006/02/04 v1.1 microtype config. file: AMS symbols (a) (RS)
)
LaTeX Font Info:    Trying to load font information for U+msb on input line 3.

(/usr/local/texlive/2025basic/texmf-dist/tex/latex/amsfonts/umsb.fd
File: umsb.fd 2013/01/14 v3.01 AMS symbols B
)
(/usr/local/texlive/2025basic/texmf-dist/tex/latex/microtype/mt-msb.cfg
File: mt-msb.cfg 2005/06/01 v1.0 microtype config. file: AMS symbols (b) (RS)
)

LaTeX Font Info:    Font shape `TU/PingFangSC(2)/m/n' will be
(Font)              scaled to size 10.0pt on input line 60.
LaTeX Font Info:    Font shape `TU/PingFangSC(3)/m/n' will be
(Font)              scaled to size 9.0pt on input line 60.
LaTeX Font Info:    Font shape `TU/PingFangSC(2)/m/n' will be
(Font)              scaled to size 9.0pt on input line 60.
[1

])
\tf@toc=\write4
\openout4 = `book.toc'.



[2] [3

]
LaTeX Font Info:    Font shape `TU/PingFangSC(3)/m/n' will be
(Font)              scaled to size 8.0pt on input line 313.
LaTeX Font Info:    Font shape `TU/Menlo(0)/m/n' will be
(Font)              scaled to size 8.81006pt on input line 313.
LaTeX Font Info:    Font shape `TU/Menlo(0)/b/n' will be
(Font)              scaled to size 8.81006pt on input line 314.

Package fontspec Info: 
(fontspec)             PingFang SC scale = 0.9999953550269062.


Package fontspec Info: 
(fontspec)             Could not resolve font "PingFang SC/I" (it probably
(fontspec)             doesn't exist).


Package fontspec Info: 
(fontspec)             PingFang SC scale = 0.9999953550269062.


Package fontspec Info: 
(fontspec)             PingFang SC/B scale = 0.9999953550269062.


Package fontspec Info: 
(fontspec)             PingFang SC/BI scale = 0.9999953550269062.


Package fontspec Info: 
(fontspec)             Font family 'PingFangSC(4)' created for font 'PingFang
(fontspec)             SC' with options
(fontspec)             [Scale=MatchLowercase,WordSpace={1,0,0},HyphenChar=None,
PunctuationSpace=WordSpace].
(fontspec)              
(fontspec)              This font family consists of the following NFSS
(fontspec)             series/shapes:
(fontspec)              
(fontspec)             - 'normal' (m/n) with NFSS spec.:
(fontspec)             <->s*[0.9999953550269062]"PingFang
(fontspec)             SC/OT:script=latn;language=dflt;"
(fontspec)             - 'bold' (b/n) with NFSS spec.:
(fontspec)             <->s*[0.9999953550269062]"PingFang
(fontspec)             SC/B/OT:script=latn;language=dflt;"
(fontspec)             - 'bold italic' (b/it) with NFSS spec.:
(fontspec)             <->s*[0.9999953550269062]"PingFang
(fontspec)             SC/BI/OT:script=latn;language=dflt;"

LaTeX Font Info:    Font shape `TU/PingFangSC(4)/m/n' will be
(Font)              scaled to size 8.0pt on input line 340.


[4]
LaTeX Font Info:    Font shape `TU/PingFangSC(1)/m/n' will be
(Font)              scaled to size 10.95pt on input line 371.
LaTeX Font Info:    Font shape `TU/PingFangSC(1)/m/n' will be
(Font)              scaled to size 7.665pt on input line 371.
LaTeX Font Info:    Font shape `TU/PingFangSC(1)/m/n' will be
(Font)              scaled to size 5.475pt on input line 371.


[5

]

[6]

[7

]

[8]
LaTeX Font Info:    Font shape `TU/Menlo(0)/m/n' will be
(Font)              scaled to size 9.91132pt on input line 690.


[9]
LaTeX Font Info:    Font shape `TU/PingFangSC(3)/m/n' will be
(Font)              scaled to size 7.665pt on input line 756.
LaTeX Font Info:    Font shape `TU/PingFangSC(3)/m/n' will be
(Font)              scaled to size 5.475pt on input line 756.


[10

]

[11]
LaTeX Font Info:    Font shape `TU/Menlo(0)/m/it' will be
(Font)              scaled to size 8.81006pt on input line 920.


[12]

[13]
File: assets/diagrams/schematic-ppo-clipping.png Graphic file (type bmp)
<assets/diagrams/schematic-ppo-clipping.png>


[14]
LaTeX Font Info:    Font shape `TU/PingFangSC(1)/b/n' will be
(Font)              scaled to size 10.95pt on input line 1178.
LaTeX Font Info:    Font shape `TU/PingFangSC(1)/b/n' will be
(Font)              scaled to size 7.665pt on input line 1178.
LaTeX Font Info:    Font shape `TU/PingFangSC(1)/b/n' will be
(Font)              scaled to size 5.475pt on input line 1178.


[15]

[16]

[17]

[18]

[19]

[20]
LaTeX Font Info:    Font shape `TU/Menlo(0)/b/n' will be
(Font)              scaled to size 12.05876pt on input line 1634.
 [21]

[22]

[23]
Underfull \hbox (badness 10000) in paragraph at lines 1891--1895
\TU/PingFangSC(3)/b/n/10.95 Dimensional Continuous Control Using Generalized Ad
vantage Estimation\TU/PingFangSC(3)/m/n/10.95 ，
 []



[24]

[25

]
File: assets/diagrams/schematic-basketball-geometry.png Graphic file (type bmp)

<assets/diagrams/schematic-basketball-geometry.png>


[26]

[27]

[28]
LaTeX Font Info:    Font shape `TU/latinmodern-math.otf(1)/b/n' will be
(Font)              scaled to size 15.24355pt on input line 2263.
LaTeX Font Info:    Font shape `TU/latinmodern-math.otf(1)/b/n' will be
(Font)              scaled to size 10.67047pt on input line 2263.
LaTeX Font Info:    Font shape `TU/latinmodern-math.otf(1)/b/n' will be
(Font)              scaled to size 7.62178pt on input line 2263.
LaTeX Font Info:    Font shape `TU/latinmodern-math.otf(2)/b/n' will be
(Font)              scaled to size 15.24504pt on input line 2263.
LaTeX Font Info:    Font shape `TU/latinmodern-math.otf(2)/b/n' will be
(Font)              scaled to size 10.67152pt on input line 2263.
LaTeX Font Info:    Font shape `TU/latinmodern-math.otf(2)/b/n' will be
(Font)              scaled to size 7.62253pt on input line 2263.
LaTeX Font Info:    Font shape `TU/latinmodern-math.otf(3)/b/n' will be
(Font)              scaled to size 15.24203pt on input line 2263.
LaTeX Font Info:    Font shape `TU/latinmodern-math.otf(3)/b/n' will be
(Font)              scaled to size 10.66942pt on input line 2263.
LaTeX Font Info:    Font shape `TU/latinmodern-math.otf(3)/b/n' will be
(Font)              scaled to size 7.62102pt on input line 2263.


[29]

[30]
LaTeX Font Info:    Font shape `TU/latinmodern-math.otf(1)/m/n' will be
(Font)              scaled to size 12.52895pt on input line 2390.
LaTeX Font Info:    Font shape `TU/latinmodern-math.otf(1)/m/n' will be
(Font)              scaled to size 8.35263pt on input line 2390.
LaTeX Font Info:    Font shape `TU/latinmodern-math.otf(1)/m/n' will be
(Font)              scaled to size 6.96053pt on input line 2390.
LaTeX Font Info:    Font shape `TU/PingFangSC(1)/m/n' will be
(Font)              scaled to size 9.0pt on input line 2390.
LaTeX Font Info:    Font shape `TU/PingFangSC(1)/m/n' will be
(Font)              scaled to size 6.0pt on input line 2390.
LaTeX Font Info:    Font shape `TU/PingFangSC(1)/m/n' will be
(Font)              scaled to size 5.0pt on input line 2390.
LaTeX Font Info:    Font shape `TU/latinmodern-math.otf(2)/m/n' will be
(Font)              scaled to size 12.53018pt on input line 2390.
LaTeX Font Info:    Font shape `TU/latinmodern-math.otf(2)/m/n' will be
(Font)              scaled to size 8.35345pt on input line 2390.
LaTeX Font Info:    Font shape `TU/latinmodern-math.otf(2)/m/n' will be
(Font)              scaled to size 6.96121pt on input line 2390.
LaTeX Font Info:    Font shape `TU/latinmodern-math.otf(3)/m/n' will be
(Font)              scaled to size 12.52771pt on input line 2390.
LaTeX Font Info:    Font shape `TU/latinmodern-math.otf(3)/m/n' will be
(Font)              scaled to size 8.3518pt on input line 2390.
LaTeX Font Info:    Font shape `TU/latinmodern-math.otf(3)/m/n' will be
(Font)              scaled to size 6.95984pt on input line 2390.
LaTeX Font Info:    Font shape `TU/PingFangSC(1)/b/n' will be
(Font)              scaled to size 9.0pt on input line 2390.
LaTeX Font Info:    Font shape `TU/PingFangSC(1)/b/n' will be
(Font)              scaled to size 6.0pt on input line 2390.
LaTeX Font Info:    Font shape `TU/PingFangSC(1)/b/n' will be
(Font)              scaled to size 5.0pt on input line 2390.


[31]

[32]

[33]

[34]
File: assets/evidence/basketball-training-curves.png Graphic file (type bmp)
<assets/evidence/basketball-training-curves.png>


[35]

[36]

[37]

[38]
LaTeX Font Info:    Font shape `TU/PingFangSC(3)/b/n' will be
(Font)              scaled to size 9.0pt on input line 2962.
File: assets/evidence/observed-basketball-zero-command-contact-sheet.png Graphi
c file (type bmp)
<assets/evidence/observed-basketball-zero-command-contact-sheet.png>
File: assets/evidence/observed-basketball-forward-command-contact-sheet.png Gra
phic file (type bmp)
<assets/evidence/observed-basketball-forward-command-contact-sheet.png>


[39]

[40]

[41]

[42]

[43

]

[44]
Underfull \hbox (badness 6825) in paragraph at lines 3345--3348
[]\TU/PingFangSC(3)/m/n/10.95 地 面 摩 擦 参 数 为 \TU/Menlo(0)/m/n/10.95 (1.0,0.005,0
.0001)\TU/PingFangSC(3)/m/n/10.95 ， 平 台 为 \TU/Menlo(0)/m/n/10.95 (1.1,0.005,0.0
001)\TU/PingFangSC(3)/m/n/10.95 ， 木 板 为
 []



[45]

[46]

[47]

[48]

Package fontspec Info: 
(fontspec)             PingFang SC scale = 0.9999953550269062.


Package fontspec Info: 
(fontspec)             PingFang SC scale = 0.9999953550269062.

LaTeX Font Info:    Font shape `TU/Menlo(0)/b/n' will be
(Font)              scaled to size 9.91132pt on input line 3694.
 [49]

Package fontspec Info: 
(fontspec)             PingFang SC scale = 0.9999953550269062.

LaTeX Font Info:    Font shape `TU/PingFangSC(4)/b/n' will be
(Font)              scaled to size 8.0pt on input line 3753.


LaTeX Font Warning: Font shape `TU/PingFangSC(4)/m/it' undefined
(Font)              using `TU/PingFangSC(4)/m/n' instead on input line 3757.

LaTeX Font Info:    Font shape `TU/PingFangSC(4)/m/it' will be
(Font)              scaled to size 8.0pt on input line 3757.


[50]

Package fontspec Info: 
(fontspec)             PingFang SC scale = 0.9999953550269062.



[51]

[52]

[53]

[54]

[55]

[56]
File: assets/diagrams/schematic-evidence-pipeline.png Graphic file (type bmp)
<assets/diagrams/schematic-evidence-pipeline.png>
File: assets/evidence/basketball-training-curves.png Graphic file (type bmp)
<assets/evidence/basketball-training-curves.png>
File: assets/evidence/basketball-reward-trace.png Graphic file (type bmp)
<assets/evidence/basketball-reward-trace.png>
File: assets/evidence/bridge-training-curves.png Graphic file (type bmp)
<assets/evidence/bridge-training-curves.png>


[57

]

[58]
File: assets/evidence/evaluation-outcomes.png Graphic file (type bmp)
<assets/evidence/evaluation-outcomes.png>


[59]
File: assets/evidence/observed-basketball-zero-command-contact-sheet.png Graphi
c file (type bmp)
<assets/evidence/observed-basketball-zero-command-contact-sheet.png>
File: assets/evidence/observed-basketball-forward-command-contact-sheet.png Gra
phic file (type bmp)
<assets/evidence/observed-basketball-forward-command-contact-sheet.png>
File: assets/evidence/observed-bridge-rollout-contact-sheet.png Graphic file (t
ype bmp)
<assets/evidence/observed-bridge-rollout-contact-sheet.png>

Underfull \hbox (badness 10000) in paragraph at lines 4430--4432
[]\TU/Menlo(0)/m/n/10.95 docs/basketball-showcase/evidence/render/cmd-p0_000-p0
_000-p0_
 []


Underfull \hbox (badness 10000) in paragraph at lines 4432--4434
[]\TU/Menlo(0)/m/n/10.95 docs/basketball-showcase/evidence/render/cmd-p0_150-p0
_000-p0_
 []

File: assets/evidence/observed-seven-cases.png Graphic file (type bmp)
<assets/evidence/observed-seven-cases.png>


[60]

[61]

[62]
File: assets/evidence/observed-live-scenes.png Graphic file (type bmp)
<assets/evidence/observed-live-scenes.png>


[63]

[64]

[65]
Underfull \hbox (badness 10000) in paragraph at lines 4577--4583
\TU/PingFangSC(3)/b/n/10.95 Dimensional Continuous Control Using Generalized Ad
vantage Estimation\TU/PingFangSC(3)/m/n/10.95 ，
 []


Underfull \hbox (badness 1337) in paragraph at lines 4583--4588
[]\TU/PingFangSC(3)/b/n/10.95 MuJoCo XML Reference\TU/PingFangSC(3)/m/n/10.95 ，
 官 方 文 档： body、 free joint、 geom、 material、 spatial ten-
 []


Underfull \hbox (badness 1571) in paragraph at lines 4583--4588
\TU/PingFangSC(3)/m/n/10.95 don、 springlength 与 limit。 应 对 照 所 装 版 本； 本 快 照 是 M
uJoCo 3.10.0。\TU/Menlo(0)/m/n/10.95 https://
 []


Underfull \hbox (badness 10000) in paragraph at lines 4590--4592
[]\TU/Menlo(0)/m/n/10.95 microduck-playground/experiments/basketball/\TU/PingFa
ngSC(3)/m/n/10.95 、\TU/Menlo(0)/m/n/10.95 microduck-playgrou
 []


Underfull \hbox (badness 10000) in paragraph at lines 4595--4597
[]\TU/Menlo(0)/m/n/10.95 docs/basketball-showcase/RESULTS.md\TU/PingFangSC(3)/m
/n/10.95 、\TU/Menlo(0)/m/n/10.95 docs/bridge-showcase/
 []


Underfull \hbox (badness 10000) in paragraph at lines 4597--4598
[]\TU/Menlo(0)/m/n/10.95 assets/provenance.json\TU/PingFangSC(3)/m/n/10.95 、\TU
/Menlo(0)/m/n/10.95 assets/SHA256SUMS\TU/PingFangSC(3)/m/n/10.95 、\TU/Menlo(0)/
m/n/10.95 environment.json
 []



[66

]
LaTeX Font Info:    Font shape `TU/Menlo(0)/b/n' will be
(Font)              scaled to size 13.21509pt on input line 4611.

Underfull \hbox (badness 10000) in paragraph at lines 4613--4615
\TU/PingFangSC(3)/m/n/10.95 SHA-256: \TU/Menlo(0)/m/n/10.95 6bff54a8b1f7c856ec0
0cce59bb2b9b3c528d3c16054d1f730446fe6
 []



[67

]

[68]
LaTeX Font Info:    Font shape `TU/Menlo(0)/m/n' will be
(Font)              scaled to size 6.60754pt on input line 4808.
LaTeX Font Info:    Font shape `TU/PingFangSC(3)/m/n' will be
(Font)              scaled to size 6.0pt on input line 4808.


[69]

[70]
Underfull \hbox (badness 10000) in paragraph at lines 4938--4940
\TU/PingFangSC(3)/m/n/10.95 SHA-256: \TU/Menlo(0)/m/n/10.95 df79b783e643ed40ea1
9fe583d05dec7a5a116cf74cced0e48776149
 []



[71]

[72]

[73]

[74]

[75]
Underfull \hbox (badness 10000) in paragraph at lines 5281--5283
\TU/PingFangSC(3)/m/n/10.95 SHA-256: \TU/Menlo(0)/m/n/10.95 d465af0f34751d61ed6
b8ea233178f9b70472ab839c5724faef811e4
 []



[76]

[77]

[78]

[79]

[80]

[81]

[82]

[83]

[84]

[85]
Underfull \hbox (badness 10000) in paragraph at lines 5971--5973
\TU/PingFangSC(3)/m/n/10.95 SHA-256: \TU/Menlo(0)/m/n/10.95 49bd21b6260841bb06a
b1d04fcca18cd79c478e0484d8d722775353a
 []



[86]

[87]

[88]

[89]

[90]

[91]

[92]

[93]
Underfull \hbox (badness 10000) in paragraph at lines 6564--6566
\TU/PingFangSC(3)/m/n/10.95 SHA-256: \TU/Menlo(0)/m/n/10.95 dd3b116933777d789e8
60e6a1398204ddfb60ae28e77cf3f35127504
 []



[94]

[95]

[96]

[97]
Underfull \hbox (badness 10000) in paragraph at lines 6864--6866
\TU/PingFangSC(3)/m/n/10.95 SHA-256: \TU/Menlo(0)/m/n/10.95 f1dd30fbc474dcd0008
0e9dfa1026dcf1528cb946e640a9486588256
 []



[98]

[99]

[100]
Underfull \hbox (badness 10000) in paragraph at lines 7068--7070
\TU/PingFangSC(3)/m/n/10.95 SHA-256: \TU/Menlo(0)/m/n/10.95 126783ef9600ad7b270
30d45d87bdf9a4f890cb09839316717ad46f5
 []



[101]

[102]

[103]

[104]

[105]

[106]

[107]

[108]

[109] [110]

[111]
(/Volumes/ExternalSSD/geoagent/microduck-lab/docs/basketball-bridge-book/build/
zh/book.aux)
 ***********
LaTeX2e <2024-11-01> patch level 2
L3 programming layer <2025-01-18>
 ***********


LaTeX Font Warning: Some font shapes were not available, defaults substituted.

 ) 
Here is how much of TeX's memory you used:
 23387 strings out of 475366
 443888 string characters out of 5762340
 1074811 words of memory out of 5000000
 45996 multiletter control sequences out of 15000+600000
 567146 words of font info for 148 fonts, out of 8000000 for 9000
 319 hyphenation exceptions out of 8191
 90i,13n,122p,4259b,771s stack positions out of 10000i,1000n,20000p,200000b,200000s

Output written on /Volumes/ExternalSSD/geoagent/microduck-lab/docs/basketball-b
ridge-book/build/zh/book.pdf (112 pages).
