This is XeTeX, Version 3.141592653-2.6-0.999997 (TeX Live 2025) (preloaded format=xelatex)
 restricted \write18 enabled.
entering extended mode

(/Volumes/ExternalSSD/geoagent/microduck-lab/docs/basketball-bridge-book/build/
zh/book.tex
LaTeX2e <2024-11-01> patch level 2
L3 programming layer <2025-01-18>
(/usr/local/texlive/2025basic/texmf-dist/tex/latex/base/article.cls
Document Class: article 2024/06/29 v1.4n Standard LaTeX document class
(/usr/local/texlive/2025basic/texmf-dist/tex/latex/base/size11.clo))
(/usr/local/texlive/2025basic/texmf-dist/tex/latex/xcolor/xcolor.sty
(/usr/local/texlive/2025basic/texmf-dist/tex/latex/graphics-cfg/color.cfg)
(/usr/local/texlive/2025basic/texmf-dist/tex/latex/graphics-def/xetex.def)
(/usr/local/texlive/2025basic/texmf-dist/tex/latex/graphics/mathcolor.ltx))
(/usr/local/texlive/2025basic/texmf-dist/tex/latex/graphics/dvipsnam.def)
(/usr/local/texlive/2025basic/texmf-dist/tex/latex/xcolor/svgnam.def)
(/usr/local/texlive/2025basic/texmf-dist/tex/latex/xcolor/x11nam.def)
(/usr/local/texlive/2025basic/texmf-dist/tex/latex/geometry/geometry.sty
(/usr/local/texlive/2025basic/texmf-dist/tex/latex/graphics/keyval.sty)
(/usr/local/texlive/2025basic/texmf-dist/tex/generic/iftex/ifvtex.sty
(/usr/local/texlive/2025basic/texmf-dist/tex/generic/iftex/iftex.sty)))
(/usr/local/texlive/2025basic/texmf-dist/tex/latex/amsmath/amsmath.sty
For additional information on amsmath, use the `?' option.
(/usr/local/texlive/2025basic/texmf-dist/tex/latex/amsmath/amstext.sty
(/usr/local/texlive/2025basic/texmf-dist/tex/latex/amsmath/amsgen.sty))
(/usr/local/texlive/2025basic/texmf-dist/tex/latex/amsmath/amsbsy.sty)
(/usr/local/texlive/2025basic/texmf-dist/tex/latex/amsmath/amsopn.sty))
(/usr/local/texlive/2025basic/texmf-dist/tex/latex/amsfonts/amssymb.sty
(/usr/local/texlive/2025basic/texmf-dist/tex/latex/amsfonts/amsfonts.sty))
(/usr/local/texlive/2025basic/texmf-dist/tex/latex/unicode-math/unicode-math.st
y (/usr/local/texlive/2025basic/texmf-dist/tex/latex/l3kernel/expl3.sty
(/usr/local/texlive/2025basic/texmf-dist/tex/latex/l3backend/l3backend-xetex.de
f))
(/usr/local/texlive/2025basic/texmf-dist/tex/latex/unicode-math/unicode-math-xe
tex.sty
(/usr/local/texlive/2025basic/texmf-dist/tex/latex/l3packages/xparse/xparse.sty
)
(/usr/local/texlive/2025basic/texmf-dist/tex/latex/l3packages/l3keys2e/l3keys2e
.sty) (/usr/local/texlive/2025basic/texmf-dist/tex/latex/fontspec/fontspec.sty
(/usr/local/texlive/2025basic/texmf-dist/tex/latex/fontspec/fontspec-xetex.sty
(/usr/local/texlive/2025basic/texmf-dist/tex/latex/base/fontenc.sty)
(/usr/local/texlive/2025basic/texmf-dist/tex/latex/fontspec/fontspec.cfg)))
(/usr/local/texlive/2025basic/texmf-dist/tex/latex/base/fix-cm.sty
(/usr/local/texlive/2025basic/texmf-dist/tex/latex/base/ts1enc.def))
(/usr/local/texlive/2025basic/texmf-dist/tex/latex/unicode-math/unicode-math-ta
ble.tex))) (/usr/local/texlive/2025basic/texmf-dist/tex/latex/lm/lmodern.sty)
(/usr/local/texlive/2025basic/texmf-dist/tex/latex/upquote/upquote.sty
(/usr/local/texlive/2025basic/texmf-dist/tex/latex/base/textcomp.sty))
(/usr/local/texlive/2025basic/texmf-dist/tex/latex/microtype/microtype.sty
(/usr/local/texlive/2025basic/texmf-dist/tex/latex/etoolbox/etoolbox.sty)
(/usr/local/texlive/2025basic/texmf-dist/tex/latex/microtype/microtype-xetex.de
f) (/usr/local/texlive/2025basic/texmf-dist/tex/latex/microtype/microtype.cfg))
 (/usr/local/texlive/2025basic/texmf-dist/tex/latex/parskip/parskip.sty
(/usr/local/texlive/2025basic/texmf-dist/tex/latex/kvoptions/kvoptions.sty
(/usr/local/texlive/2025basic/texmf-dist/tex/generic/ltxcmds/ltxcmds.sty)
(/usr/local/texlive/2025basic/texmf-dist/tex/latex/kvsetkeys/kvsetkeys.sty)))
(/usr/local/texlive/2025basic/texmf-dist/tex/latex/fancyvrb/fancyvrb.sty)
(/Users/ghu/Library/texmf/tex/latex/framed/framed.sty)
(/usr/local/texlive/2025basic/texmf-dist/tex/latex/tools/longtable.sty)
(/usr/local/texlive/2025basic/texmf-dist/tex/latex/booktabs/booktabs.sty)
(/usr/local/texlive/2025basic/texmf-dist/tex/latex/tools/array.sty)
(/usr/local/texlive/2025basic/texmf-dist/tex/latex/tools/calc.sty)
(/usr/local/texlive/2025basic/texmf-dist/tex/latex/footnotehyper/footnotehyper.
sty) (/usr/local/texlive/2025basic/texmf-dist/tex/latex/graphics/graphicx.sty
(/usr/local/texlive/2025basic/texmf-dist/tex/latex/graphics/graphics.sty
(/usr/local/texlive/2025basic/texmf-dist/tex/latex/graphics/trig.sty)
(/usr/local/texlive/2025basic/texmf-dist/tex/latex/graphics-cfg/graphics.cfg)))
(/usr/local/texlive/2025basic/texmf-dist/tex/generic/babel/babel.sty
(/usr/local/texlive/2025basic/texmf-dist/tex/generic/babel/xebabel.def)
(/usr/local/texlive/2025basic/texmf-dist/tex/generic/babel/locale/zh/babel-chin
ese.tex)
(/usr/local/texlive/2025basic/texmf-dist/tex/generic/babel/locale/zh/babel-chin
ese.tex)
(/usr/local/texlive/2025basic/texmf-dist/tex/generic/babel/babel-ca-chinese.tex
)) (/Users/ghu/Library/texmf/tex/latex/fvextra/fvextra.sty
(/usr/local/texlive/2025basic/texmf-dist/tex/latex/lineno/lineno.sty))
(/usr/local/texlive/2025basic/texmf-dist/tex/latex/fancyhdr/fancyhdr.sty)
(/usr/local/texlive/2025basic/texmf-dist/tex/latex/bookmark/bookmark.sty
(/usr/local/texlive/2025basic/texmf-dist/tex/latex/hyperref/hyperref.sty
(/usr/local/texlive/2025basic/texmf-dist/tex/generic/kvdefinekeys/kvdefinekeys.
sty)
(/usr/local/texlive/2025basic/texmf-dist/tex/generic/pdfescape/pdfescape.sty
(/usr/local/texlive/2025basic/texmf-dist/tex/generic/pdftexcmds/pdftexcmds.sty
(/usr/local/texlive/2025basic/texmf-dist/tex/generic/infwarerr/infwarerr.sty)))
 (/usr/local/texlive/2025basic/texmf-dist/tex/latex/hycolor/hycolor.sty)
(/usr/local/texlive/2025basic/texmf-dist/tex/latex/hyperref/nameref.sty
(/usr/local/texlive/2025basic/texmf-dist/tex/latex/refcount/refcount.sty)
(/usr/local/texlive/2025basic/texmf-dist/tex/generic/gettitlestring/gettitlestr
ing.sty))
(/usr/local/texlive/2025basic/texmf-dist/tex/generic/stringenc/stringenc.sty)
(/usr/local/texlive/2025basic/texmf-dist/tex/latex/hyperref/pd1enc.def)
(/usr/local/texlive/2025basic/texmf-dist/tex/generic/intcalc/intcalc.sty)
(/usr/local/texlive/2025basic/texmf-dist/tex/latex/hyperref/puenc.def)
(/usr/local/texlive/2025basic/texmf-dist/tex/latex/url/url.sty)
(/usr/local/texlive/2025basic/texmf-dist/tex/generic/bitset/bitset.sty
(/usr/local/texlive/2025basic/texmf-dist/tex/generic/bigintcalc/bigintcalc.sty)
) (/usr/local/texlive/2025basic/texmf-dist/tex/latex/base/atbegshi-ltx.sty))
(/usr/local/texlive/2025basic/texmf-dist/tex/latex/hyperref/hxetex.def
(/usr/local/texlive/2025basic/texmf-dist/tex/latex/rerunfilecheck/rerunfilechec
k.sty (/usr/local/texlive/2025basic/texmf-dist/tex/latex/base/atveryend-ltx.sty
)
(/usr/local/texlive/2025basic/texmf-dist/tex/generic/uniquecounter/uniquecounte
r.sty)))
(/usr/local/texlive/2025basic/texmf-dist/tex/latex/bookmark/bkm-dvipdfm.def))
(/Volumes/ExternalSSD/geoagent/microduck-lab/docs/basketball-bridge-book/build/
zh/book.aux

Package babel Info: The following font families will use the default
(babel)             settings for all or some languages:
(babel)             * \sffamily = PingFangSC(2)
(babel)               "PingFang SC Regular/OT:script=latn;language=dflt;mapping
=tex-text;" at 10.95pt
(babel)             * \ttfamily = Menlo(0)
(babel)               "Menlo Regular/AAT" at 12.05876pt
(babel)             There is nothing intrinsically wrong with it, but
(babel)             'babel' will no set Script and Language, which could
(babel)             be relevant in some languages. If your document uses
(babel)             these families, consider redefining them with \babelfont.
(babel)             Reported on input line 3.

)
*geometry* driver: auto-detecting
*geometry* detected driver: xetex

Package microtype Warning: Unknown slot number of character
(microtype)                `\'C'
(microtype)                in font encoding `TU' in inheritance list
(microtype)                `microtype.cfg/411(protrusion)'.


Package microtype Warning: Unknown slot number of character
(microtype)                `\v C'
(microtype)                in font encoding `TU' in inheritance list
(microtype)                `microtype.cfg/411(protrusion)'.


Package microtype Warning: Unknown slot number of character
(microtype)                `\'c'
(microtype)                in font encoding `TU' in inheritance list
(microtype)                `microtype.cfg/411(protrusion)'.


Package microtype Warning: Unknown slot number of character
(microtype)                `\v c'
(microtype)                in font encoding `TU' in inheritance list
(microtype)                `microtype.cfg/411(protrusion)'.


Package microtype Warning: Unknown slot number of character
(microtype)                `\v D'
(microtype)                in font encoding `TU' in inheritance list
(microtype)                `microtype.cfg/411(protrusion)'.


Package microtype Warning: Unknown slot number of character
(microtype)                `\k E'
(microtype)                in font encoding `TU' in inheritance list
(microtype)                `microtype.cfg/411(protrusion)'.


Package microtype Warning: Unknown slot number of character
(microtype)                `\u G'
(microtype)                in font encoding `TU' in inheritance list
(microtype)                `microtype.cfg/411(protrusion)'.


Package microtype Warning: Unknown slot number of character
(microtype)                `\.I'
(microtype)                in font encoding `TU' in inheritance list
(microtype)                `microtype.cfg/411(protrusion)'.


Package microtype Warning: Unknown slot number of character
(microtype)                `\'L'
(microtype)                in font encoding `TU' in inheritance list
(microtype)                `microtype.cfg/411(protrusion)'.


Package microtype Warning: Unknown slot number of character
(microtype)                `\v L'
(microtype)                in font encoding `TU' in inheritance list
(microtype)                `microtype.cfg/411(protrusion)'.


Package microtype Warning: Unknown slot number of character
(microtype)                `\'N'
(microtype)                in font encoding `TU' in inheritance list
(microtype)                `microtype.cfg/411(protrusion)'.


Package microtype Warning: Unknown slot number of character
(microtype)                `\v N'
(microtype)                in font encoding `TU' in inheritance list
(microtype)                `microtype.cfg/411(protrusion)'.


Package microtype Warning: Unknown slot number of character
(microtype)                `\H O'
(microtype)                in font encoding `TU' in inheritance list
(microtype)                `microtype.cfg/411(protrusion)'.


Package microtype Warning: Unknown slot number of character
(microtype)                `\H o'
(microtype)                in font encoding `TU' in inheritance list
(microtype)                `microtype.cfg/411(protrusion)'.


Package microtype Warning: Unknown slot number of character
(microtype)                `\'R'
(microtype)                in font encoding `TU' in inheritance list
(microtype)                `microtype.cfg/411(protrusion)'.


Package microtype Warning: Unknown slot number of character
(microtype)                `\v R'
(microtype)                in font encoding `TU' in inheritance list
(microtype)                `microtype.cfg/411(protrusion)'.


Package microtype Warning: Unknown slot number of character
(microtype)                `\'r'
(microtype)                in font encoding `TU' in inheritance list
(microtype)                `microtype.cfg/411(protrusion)'.


Package microtype Warning: Unknown slot number of character
(microtype)                `\v r'
(microtype)                in font encoding `TU' in inheritance list
(microtype)                `microtype.cfg/411(protrusion)'.


Package microtype Warning: Unknown slot number of character
(microtype)                `\'S'
(microtype)                in font encoding `TU' in inheritance list
(microtype)                `microtype.cfg/411(protrusion)'.


Package microtype Warning: Unknown slot number of character
(microtype)                `\c S'
(microtype)                in font encoding `TU' in inheritance list
(microtype)                `microtype.cfg/411(protrusion)'.


Package microtype Warning: Unknown slot number of character
(microtype)                `\v S'
(microtype)                in font encoding `TU' in inheritance list
(microtype)                `microtype.cfg/411(protrusion)'.


Package microtype Warning: Unknown slot number of character
(microtype)                `\'s'
(microtype)                in font encoding `TU' in inheritance list
(microtype)                `microtype.cfg/411(protrusion)'.


Package microtype Warning: Unknown slot number of character
(microtype)                `\c s'
(microtype)                in font encoding `TU' in inheritance list
(microtype)                `microtype.cfg/411(protrusion)'.


Package microtype Warning: Unknown slot number of character
(microtype)                `\v s'
(microtype)                in font encoding `TU' in inheritance list
(microtype)                `microtype.cfg/411(protrusion)'.


Package microtype Warning: Unknown slot number of character
(microtype)                `\c T'
(microtype)                in font encoding `TU' in inheritance list
(microtype)                `microtype.cfg/411(protrusion)'.


Package microtype Warning: Unknown slot number of character
(microtype)                `\v T'
(microtype)                in font encoding `TU' in inheritance list
(microtype)                `microtype.cfg/411(protrusion)'.


Package microtype Warning: Unknown slot number of character
(microtype)                `\c t'
(microtype)                in font encoding `TU' in inheritance list
(microtype)                `microtype.cfg/411(protrusion)'.


Package microtype Warning: Unknown slot number of character
(microtype)                `\v t'
(microtype)                in font encoding `TU' in inheritance list
(microtype)                `microtype.cfg/411(protrusion)'.


[1]
(/Volumes/ExternalSSD/geoagent/microduck-lab/docs/basketball-bridge-book/build/
zh/book.toc (/usr/local/texlive/2025basic/texmf-dist/tex/latex/lm/omllmm.fd)
(/usr/local/texlive/2025basic/texmf-dist/tex/latex/amsfonts/umsa.fd)
(/usr/local/texlive/2025basic/texmf-dist/tex/latex/microtype/mt-msa.cfg)
(/usr/local/texlive/2025basic/texmf-dist/tex/latex/amsfonts/umsb.fd)
(/usr/local/texlive/2025basic/texmf-dist/tex/latex/microtype/mt-msb.cfg)
[1])
[2] [3]
[4]
[5]
[6]
[7]
[8]
[9]
[10]
[11]
[12]
[13]
[14]
[15]
[16]
[17]
[18]
[19]
[20] [21]
[22]
[23]
Underfull \hbox (badness 10000) in paragraph at lines 1891--1895
\TU/PingFangSC(3)/b/n/10.95 Dimensional Continuous Control Using Generalized Ad
vantage Estimation\TU/PingFangSC(3)/m/n/10.95 ，

[24]
[25]
[26]
[27]
[28]
[29]
[30]
[31]
[32]
[33]
[34]
[35]
[36]
[37]
[38]
[39]
[40]
[41]
[42]
[43]
[44]
Underfull \hbox (badness 6825) in paragraph at lines 3345--3348
[]\TU/PingFangSC(3)/m/n/10.95 地 面 摩 擦 参 数 为 \TU/Menlo(0)/m/n/10.95 (1.0,0.005,0
.0001)\TU/PingFangSC(3)/m/n/10.95 ， 平 台 为 \TU/Menlo(0)/m/n/10.95 (1.1,0.005,0.0
001)\TU/PingFangSC(3)/m/n/10.95 ， 木 板 为

[45]
[46]
[47]
[48] [49]

LaTeX Font Warning: Font shape `TU/PingFangSC(4)/m/it' undefined
(Font)              using `TU/PingFangSC(4)/m/n' instead on input line 3757.


[50]
[51]
[52]
[53]
[54]
[55]
[56]
[57]
[58]
[59]
Underfull \hbox (badness 10000) in paragraph at lines 4430--4432
[]\TU/Menlo(0)/m/n/10.95 docs/basketball-showcase/evidence/render/cmd-p0_000-p0
_000-p0_

Underfull \hbox (badness 10000) in paragraph at lines 4432--4434
[]\TU/Menlo(0)/m/n/10.95 docs/basketball-showcase/evidence/render/cmd-p0_150-p0
_000-p0_

[60]
[61]
[62]
[63]
[64]
[65]
Underfull \hbox (badness 10000) in paragraph at lines 4577--4583
\TU/PingFangSC(3)/b/n/10.95 Dimensional Continuous Control Using Generalized Ad
vantage Estimation\TU/PingFangSC(3)/m/n/10.95 ，

Underfull \hbox (badness 1337) in paragraph at lines 4583--4588
[]\TU/PingFangSC(3)/b/n/10.95 MuJoCo XML Reference\TU/PingFangSC(3)/m/n/10.95 ，
 官 方 文 档： body、 free joint、 geom、 material、 spatial ten-

Underfull \hbox (badness 1571) in paragraph at lines 4583--4588
\TU/PingFangSC(3)/m/n/10.95 don、 springlength 与 limit。 应 对 照 所 装 版 本； 本 快 照 是 M
uJoCo 3.10.0。\TU/Menlo(0)/m/n/10.95 https://

Underfull \hbox (badness 10000) in paragraph at lines 4590--4592
[]\TU/Menlo(0)/m/n/10.95 microduck-playground/experiments/basketball/\TU/PingFa
ngSC(3)/m/n/10.95 、\TU/Menlo(0)/m/n/10.95 microduck-playgrou

Underfull \hbox (badness 10000) in paragraph at lines 4595--4597
[]\TU/Menlo(0)/m/n/10.95 docs/basketball-showcase/RESULTS.md\TU/PingFangSC(3)/m
/n/10.95 、\TU/Menlo(0)/m/n/10.95 docs/bridge-showcase/

Underfull \hbox (badness 10000) in paragraph at lines 4597--4598
[]\TU/Menlo(0)/m/n/10.95 assets/provenance.json\TU/PingFangSC(3)/m/n/10.95 、\TU
/Menlo(0)/m/n/10.95 assets/SHA256SUMS\TU/PingFangSC(3)/m/n/10.95 、\TU/Menlo(0)/
m/n/10.95 environment.json

[66]
Underfull \hbox (badness 10000) in paragraph at lines 4613--4615
\TU/PingFangSC(3)/m/n/10.95 SHA-256: \TU/Menlo(0)/m/n/10.95 6bff54a8b1f7c856ec0
0cce59bb2b9b3c528d3c16054d1f730446fe6

[67]
[68]
[69]
[70]
Underfull \hbox (badness 10000) in paragraph at lines 4938--4940
\TU/PingFangSC(3)/m/n/10.95 SHA-256: \TU/Menlo(0)/m/n/10.95 df79b783e643ed40ea1
9fe583d05dec7a5a116cf74cced0e48776149

[71]
[72]
[73]
[74]
[75]
Underfull \hbox (badness 10000) in paragraph at lines 5281--5283
\TU/PingFangSC(3)/m/n/10.95 SHA-256: \TU/Menlo(0)/m/n/10.95 d465af0f34751d61ed6
b8ea233178f9b70472ab839c5724faef811e4

[76]
[77]
[78]
[79]
[80]
[81]
[82]
[83]
[84]
[85]
Underfull \hbox (badness 10000) in paragraph at lines 5971--5973
\TU/PingFangSC(3)/m/n/10.95 SHA-256: \TU/Menlo(0)/m/n/10.95 49bd21b6260841bb06a
b1d04fcca18cd79c478e0484d8d722775353a

[86]
[87]
[88]
[89]
[90]
[91]
[92]
[93]
Underfull \hbox (badness 10000) in paragraph at lines 6564--6566
\TU/PingFangSC(3)/m/n/10.95 SHA-256: \TU/Menlo(0)/m/n/10.95 dd3b116933777d789e8
60e6a1398204ddfb60ae28e77cf3f35127504

[94]
[95]
[96]
[97]
Underfull \hbox (badness 10000) in paragraph at lines 6864--6866
\TU/PingFangSC(3)/m/n/10.95 SHA-256: \TU/Menlo(0)/m/n/10.95 f1dd30fbc474dcd0008
0e9dfa1026dcf1528cb946e640a9486588256

[98]
[99]
[100]
Underfull \hbox (badness 10000) in paragraph at lines 7068--7070
\TU/PingFangSC(3)/m/n/10.95 SHA-256: \TU/Menlo(0)/m/n/10.95 126783ef9600ad7b270
30d45d87bdf9a4f890cb09839316717ad46f5

[101]
[102]
[103]
[104]
[105]
[106]
[107]
[108]
[109] [110]
[111]
(/Volumes/ExternalSSD/geoagent/microduck-lab/docs/basketball-bridge-book/build/
zh/book.aux)

LaTeX Font Warning: Some font shapes were not available, defaults substituted.

 )
(see the transcript file for additional information)
Output written on /Volumes/ExternalSSD/geoagent/microduck-lab/docs/basketball-b
ridge-book/build/zh/book.pdf (112 pages).
Transcript written on /Volumes/ExternalSSD/geoagent/microduck-lab/docs/basketba
ll-bridge-book/build/zh/book.log.
